Component: Arm Compiler for Embedded 6.18 Tool: armlink [5e4cc100]

==============================================================================

Section Cross References

    startup_stm32f407xx.o(STACK) refers (Special) to heapauxi.o(.text) for __use_two_region_memory
    startup_stm32f407xx.o(HEAP) refers (Special) to heapauxi.o(.text) for __use_two_region_memory
    startup_stm32f407xx.o(RESET) refers (Special) to heapauxi.o(.text) for __use_two_region_memory
    startup_stm32f407xx.o(RESET) refers to startup_stm32f407xx.o(STACK) for __initial_sp
    startup_stm32f407xx.o(RESET) refers to startup_stm32f407xx.o(.text) for Reset_Handler
    startup_stm32f407xx.o(RESET) refers to stm32f4xx_it.o(.text.NMI_Handler) for NMI_Handler
    startup_stm32f407xx.o(RESET) refers to stm32f4xx_it.o(.text.HardFault_Handler) for HardFault_Handler
    startup_stm32f407xx.o(RESET) refers to stm32f4xx_it.o(.text.MemManage_Handler) for MemManage_Handler
    startup_stm32f407xx.o(RESET) refers to stm32f4xx_it.o(.text.BusFault_Handler) for BusFault_Handler
    startup_stm32f407xx.o(RESET) refers to stm32f4xx_it.o(.text.UsageFault_Handler) for UsageFault_Handler
    startup_stm32f407xx.o(RESET) refers to port.o(.text.SVC_Handler) for SVC_Handler
    startup_stm32f407xx.o(RESET) refers to stm32f4xx_it.o(.text.DebugMon_Handler) for DebugMon_Handler
    startup_stm32f407xx.o(RESET) refers to port.o(.text.PendSV_Handler) for PendSV_Handler
    startup_stm32f407xx.o(RESET) refers to port.o(.text.SysTick_Handler) for SysTick_Handler
    startup_stm32f407xx.o(RESET) refers to stm32f4xx_it.o(.text.EXTI0_IRQHandler) for EXTI0_IRQHandler
    startup_stm32f407xx.o(RESET) refers to stm32f4xx_it.o(.text.EXTI3_IRQHandler) for EXTI3_IRQHandler
    startup_stm32f407xx.o(RESET) refers to stm32f4xx_it.o(.text.EXTI4_IRQHandler) for EXTI4_IRQHandler
    startup_stm32f407xx.o(RESET) refers to stm32f4xx_it.o(.text.CAN1_RX0_IRQHandler) for CAN1_RX0_IRQHandler
    startup_stm32f407xx.o(RESET) refers to stm32f4xx_it.o(.text.EXTI9_5_IRQHandler) for EXTI9_5_IRQHandler
    startup_stm32f407xx.o(RESET) refers to stm32f4xx_it.o(.text.TIM2_IRQHandler) for TIM2_IRQHandler
    startup_stm32f407xx.o(RESET) refers to stm32f4xx_it.o(.text.DMA2_Stream2_IRQHandler) for DMA2_Stream2_IRQHandler
    startup_stm32f407xx.o(RESET) refers to stm32f4xx_it.o(.text.DMA2_Stream3_IRQHandler) for DMA2_Stream3_IRQHandler
    startup_stm32f407xx.o(RESET) refers to stm32f4xx_it.o(.text.CAN2_RX0_IRQHandler) for CAN2_RX0_IRQHandler
    startup_stm32f407xx.o(RESET) refers to stm32f4xx_it.o(.text.OTG_FS_IRQHandler) for OTG_FS_IRQHandler
    startup_stm32f407xx.o(.text) refers (Special) to heapauxi.o(.text) for __use_two_region_memory
    startup_stm32f407xx.o(.text) refers to system_stm32f4xx.o(.text.SystemInit) for SystemInit
    startup_stm32f407xx.o(.text) refers to __main.o(!!!main) for __main
    startup_stm32f407xx.o(.text) refers to startup_stm32f407xx.o(HEAP) for Heap_Mem
    startup_stm32f407xx.o(.text) refers to startup_stm32f407xx.o(STACK) for Stack_Mem
    main.o(.text.main) refers to stm32f4xx_hal.o(.text.HAL_Init) for HAL_Init
    main.o(.text.main) refers to main.o(.text.SystemClock_Config) for SystemClock_Config
    main.o(.text.main) refers to gpio.o(.text.MX_GPIO_Init) for MX_GPIO_Init
    main.o(.text.main) refers to dma.o(.text.MX_DMA_Init) for MX_DMA_Init
    main.o(.text.main) refers to i2c.o(.text.MX_I2C3_Init) for MX_I2C3_Init
    main.o(.text.main) refers to spi.o(.text.MX_SPI1_Init) for MX_SPI1_Init
    main.o(.text.main) refers to tim.o(.text.MX_TIM10_Init) for MX_TIM10_Init
    main.o(.text.main) refers to can.o(.text.MX_CAN1_Init) for MX_CAN1_Init
    main.o(.text.main) refers to can.o(.text.MX_CAN2_Init) for MX_CAN2_Init
    main.o(.text.main) refers to bsp_delay.o(.text.delay_init) for delay_init
    main.o(.text.main) refers to bsp_can.o(.text.can_filter_init) for can_filter_init
    main.o(.text.main) refers to bsp_usb.o(.text.usb_init) for usb_init
    main.o(.text.main) refers to freertos.o(.text.MX_FREERTOS_Init) for MX_FREERTOS_Init
    main.o(.text.main) refers to cmsis_os.o(.text.osKernelStart) for osKernelStart
    main.o(.ARM.exidx.text.main) refers to main.o(.text.main) for [Anonymous Symbol]
    main.o(.text.SystemClock_Config) refers to stm32f4xx_hal_rcc.o(.text.HAL_RCC_OscConfig) for HAL_RCC_OscConfig
    main.o(.text.SystemClock_Config) refers to stm32f4xx_hal_rcc.o(.text.HAL_RCC_ClockConfig) for HAL_RCC_ClockConfig
    main.o(.ARM.exidx.text.SystemClock_Config) refers to main.o(.text.SystemClock_Config) for [Anonymous Symbol]
    main.o(.ARM.exidx.text.Error_Handler) refers to main.o(.text.Error_Handler) for [Anonymous Symbol]
    main.o(.text.HAL_TIM_PeriodElapsedCallback) refers to stm32f4xx_hal.o(.text.HAL_IncTick) for HAL_IncTick
    main.o(.ARM.exidx.text.HAL_TIM_PeriodElapsedCallback) refers to main.o(.text.HAL_TIM_PeriodElapsedCallback) for [Anonymous Symbol]
[...]
    USB_FlushTxFifo                          0x08008c79   Thumb Code   190  stm32f4xx_ll_usb.o(.text.USB_FlushTxFifo)
    USB_GetDevSpeed                          0x08008d39   Thumb Code    26  stm32f4xx_ll_usb.o(.text.USB_GetDevSpeed)
    USB_GetMode                              0x08008d55   Thumb Code     8  stm32f4xx_ll_usb.o(.text.USB_GetMode)
    USB_ReadDevAllInEpInterrupt              0x08008d5d   Thumb Code    14  stm32f4xx_ll_usb.o(.text.USB_ReadDevAllInEpInterrupt)
    USB_ReadDevAllOutEpInterrupt             0x08008d6d   Thumb Code    14  stm32f4xx_ll_usb.o(.text.USB_ReadDevAllOutEpInterrupt)
    USB_ReadDevInEPInterrupt                 0x08008d7d   Thumb Code    36  stm32f4xx_ll_usb.o(.text.USB_ReadDevInEPInterrupt)
    USB_ReadDevOutEPInterrupt                0x08008da1   Thumb Code    16  stm32f4xx_ll_usb.o(.text.USB_ReadDevOutEPInterrupt)
    USB_ReadInterrupts                       0x08008db1   Thumb Code     8  stm32f4xx_ll_usb.o(.text.USB_ReadInterrupts)
    USB_ReadPacket                           0x08008db9   Thumb Code   170  stm32f4xx_ll_usb.o(.text.USB_ReadPacket)
    USB_SetCurrentMode                       0x08008e65   Thumb Code   872  stm32f4xx_ll_usb.o(.text.USB_SetCurrentMode)
    USB_SetDevAddress                        0x080091cd   Thumb Code    34  stm32f4xx_ll_usb.o(.text.USB_SetDevAddress)
    USB_SetTurnaroundTime                    0x080091f1   Thumb Code   288  stm32f4xx_ll_usb.o(.text.USB_SetTurnaroundTime)
    USB_WritePacket                          0x08009311   Thumb Code   114  stm32f4xx_ll_usb.o(.text.USB_WritePacket)
    UsageFault_Handler                       0x08009385   Thumb Code     2  stm32f4xx_it.o(.text.UsageFault_Handler)
    bmi088_accel_init                        0x08009389   Thumb Code   668  bmi088driver.o(.text.bmi088_accel_init)
    bmi088_accel_self_test                   0x08009625   Thumb Code  1112  bmi088driver.o(.text.bmi088_accel_self_test)
    bmi088_gyro_init                         0x08009a7d   Thumb Code   530  bmi088driver.o(.text.bmi088_gyro_init)
    bmi088_gyro_self_test                    0x08009c91   Thumb Code   532  bmi088driver.o(.text.bmi088_gyro_self_test)
    can_filter_init                          0x08009ea5   Thumb Code    98  bsp_can.o(.text.can_filter_init)
    delay_init                               0x08009f09   Thumb Code    52  bsp_delay.o(.text.delay_init)
    delay_us                                 0x08009f3d   Thumb Code    82  bsp_delay.o(.text.delay_us)
    imu_pwm_set                              0x0800a0f1   Thumb Code    14  bsp_imu_pwm.o(.text.imu_pwm_set)
    ist8310_GPIO_init                        0x0800a101   Thumb Code     2  ist8310driver_middleware.o(.text.ist8310_GPIO_init)
    ist8310_IIC_read_single_reg              0x0800a105   Thumb Code    48  ist8310driver_middleware.o(.text.ist8310_IIC_read_single_reg)
    ist8310_IIC_write_single_reg             0x0800a135   Thumb Code    48  ist8310driver_middleware.o(.text.ist8310_IIC_write_single_reg)
    ist8310_RST_H                            0x0800a165   Thumb Code    16  ist8310driver_middleware.o(.text.ist8310_RST_H)
    ist8310_RST_L                            0x0800a175   Thumb Code    16  ist8310driver_middleware.o(.text.ist8310_RST_L)
    ist8310_com_init                         0x0800a185   Thumb Code     2  ist8310driver_middleware.o(.text.ist8310_com_init)
    ist8310_delay_ms                         0x0800a189   Thumb Code     4  ist8310driver_middleware.o(.text.ist8310_delay_ms)
    ist8310_init                             0x0800a18d   Thumb Code   208  ist8310driver.o(.text.ist8310_init)
    main                                     0x0800a269   Thumb Code    58  main.o(.text.main)
    my_gimbal_task                           0x0800a2a9   Thumb Code   892  my_gimbal_task.o(.text.my_gimbal_task)
    my_usb                                   0x0800a625   Thumb Code    58  usb_task.o(.text.my_usb)
    osDelay                                  0x0800a661   Thumb Code    16  cmsis_os.o(.text.osDelay)
    osKernelStart                            0x0800a671   Thumb Code    10  cmsis_os.o(.text.osKernelStart)
    osThreadCreate                           0x0800a67d   Thumb Code    92  cmsis_os.o(.text.osThreadCreate)
    pcTaskGetName                            0x0800a6d9   Thumb Code    38  tasks.o(.text.pcTaskGetName)
    pvPortMalloc                             0x0800aaa1   Thumb Code   522  heap_4.o(.text.pvPortMalloc)
    pxPortInitialiseStack                    0x0800acad   Thumb Code    40  port.o(.text.pxPortInitialiseStack)
    ulTaskNotifyTake                         0x0800acd5   Thumb Code   106  tasks.o(.text.ulTaskNotifyTake)
    usb_init                                 0x0800ad41   Thumb Code    22  bsp_usb.o(.text.usb_init)
    uxListRemove                             0x0800ad59   Thumb Code    36  list.o(.text.uxListRemove)
    vApplicationGetIdleTaskMemory            0x0800ad7d   Thumb Code    26  freertos.o(.text.vApplicationGetIdleTaskMemory)
    vListInitialise                          0x0800ad99   Thumb Code    22  list.o(.text.vListInitialise)
    vListInitialiseItem                      0x0800adb1   Thumb Code     6  list.o(.text.vListInitialiseItem)
    vListInsert                              0x0800adb9   Thumb Code    98  list.o(.text.vListInsert)
    vListInsertEnd                           0x0800ae1d   Thumb Code    28  list.o(.text.vListInsertEnd)
    vPortEnterCritical                       0x0800ae4d   Thumb Code    70  port.o(.text.vPortEnterCritical)
    vPortExitCritical                        0x0800ae95   Thumb Code    46  port.o(.text.vPortExitCritical)
    vPortFree                                0x0800aec5   Thumb Code   212  heap_4.o(.text.vPortFree)
    vPortSetupTimerInterrupt                 0x0800af99   Thumb Code    52  port.o(.text.vPortSetupTimerInterrupt)
    vPortValidateInterruptPriority           0x0800afcd   Thumb Code    94  port.o(.text.vPortValidateInterruptPriority)
    vTaskDelay                               0x0800b02d   Thumb Code   166  tasks.o(.text.vTaskDelay)
    vTaskNotifyGiveFromISR                   0x0800b0d5   Thumb Code   198  tasks.o(.text.vTaskNotifyGiveFromISR)
    vTaskStartScheduler                      0x0800b19d   Thumb Code   196  tasks.o(.text.vTaskStartScheduler)
    vTaskSuspendAll                          0x0800b269   Thumb Code    16  tasks.o(.text.vTaskSuspendAll)
    vTaskSwitchContext                       0x0800b279   Thumb Code   110  tasks.o(.text.vTaskSwitchContext)
    xPortStartScheduler                      0x0800b2e9   Thumb Code   388  port.o(.text.xPortStartScheduler)
    xTaskCreate                              0x0800b46d   Thumb Code    96  tasks.o(.text.xTaskCreate)
    xTaskCreateStatic                        0x0800b4cd   Thumb Code   118  tasks.o(.text.xTaskCreateStatic)
    xTaskGetHandle                           0x0800b545   Thumb Code  2650  tasks.o(.text.xTaskGetHandle)
    xTaskGetSchedulerState                   0x0800bfa1   Thumb Code    30  tasks.o(.text.xTaskGetSchedulerState)
    xTaskIncrementTick                       0x0800bfc1   Thumb Code   262  tasks.o(.text.xTaskIncrementTick)
    xTaskResumeAll                           0x0800c0c9   Thumb Code   234  tasks.o(.text.xTaskResumeAll)
    __ARM_fpclassify                         0x0800c1b3   Thumb Code    48  fpclassify.o(i.__ARM_fpclassify)
    __ARM_fpclassifyf                        0x0800c1e3   Thumb Code    38  fpclassifyf.o(i.__ARM_fpclassifyf)
    __hardfp_asinf                           0x0800c209   Thumb Code   258  asinf.o(i.__hardfp_asinf)
    __hardfp_atan2f                          0x0800c335   Thumb Code   594  atan2f.o(i.__hardfp_atan2f)
    __hardfp_cos                             0x0800c5e1   Thumb Code   180  cos.o(i.__hardfp_cos)
    __hardfp_sin                             0x0800c6a9   Thumb Code   180  sin.o(i.__hardfp_sin)
    __hardfp_sqrtf                           0x0800c771   Thumb Code    58  sqrtf.o(i.__hardfp_sqrtf)
    __ieee754_rem_pio2                       0x0800c7b1   Thumb Code   938  rred.o(i.__ieee754_rem_pio2)
    __kernel_cos                             0x0800cbe9   Thumb Code   322  cos_i.o(i.__kernel_cos)
    __kernel_poly                            0x0800cd59   Thumb Code   248  poly.o(i.__kernel_poly)
    __kernel_sin                             0x0800ce51   Thumb Code   280  sin_i.o(i.__kernel_sin)
    __mathlib_dbl_infnan                     0x0800cf81   Thumb Code    20  dunder.o(i.__mathlib_dbl_infnan)
    __mathlib_dbl_invalid                    0x0800cf99   Thumb Code    24  dunder.o(i.__mathlib_dbl_invalid)
    __mathlib_dbl_underflow                  0x0800cfb9   Thumb Code    24  dunder.o(i.__mathlib_dbl_underflow)
    __mathlib_flt_infnan                     0x0800cfd9   Thumb Code     6  funder.o(i.__mathlib_flt_infnan)
    __mathlib_flt_infnan2                    0x0800cfdf   Thumb Code     6  funder.o(i.__mathlib_flt_infnan2)
    __mathlib_flt_invalid                    0x0800cfe5   Thumb Code    10  funder.o(i.__mathlib_flt_invalid)
    __mathlib_flt_underflow                  0x0800cff5   Thumb Code    10  funder.o(i.__mathlib_flt_underflow)
    fabs                                     0x0800d005   Thumb Code    24  fabs.o(i.fabs)
    sqrtf                                    0x0800d01d   Thumb Code    62  sqrtf.o(i.sqrtf)
    __aeabi_dneg                             0x0800d05b   Thumb Code     0  basic.o(x$fpl$basic)
    _dneg                                    0x0800d05b   Thumb Code     6  basic.o(x$fpl$basic)
    __aeabi_fneg                             0x0800d061   Thumb Code     0  basic.o(x$fpl$basic)
    _fneg                                    0x0800d061   Thumb Code     6  basic.o(x$fpl$basic)
    _dabs                                    0x0800d067   Thumb Code     6  basic.o(x$fpl$basic)
    _fabs                                    0x0800d06d   Thumb Code     6  basic.o(x$fpl$basic)
    __aeabi_d2f                              0x0800d075   Thumb Code     0  d2f.o(x$fpl$d2f)
    _d2f                                     0x0800d075   Thumb Code    98  d2f.o(x$fpl$d2f)
    __aeabi_dadd                             0x0800d0d9   Thumb Code     0  daddsub_clz.o(x$fpl$dadd)
    _dadd                                    0x0800d0d9   Thumb Code   332  daddsub_clz.o(x$fpl$dadd)
    __aeabi_ddiv                             0x0800d229   Thumb Code     0  ddiv.o(x$fpl$ddiv)
    _ddiv                                    0x0800d229   Thumb Code   556  ddiv.o(x$fpl$ddiv)
    __aeabi_d2iz                             0x0800d4dd   Thumb Code     0  dfix.o(x$fpl$dfix)
    _dfix                                    0x0800d4dd   Thumb Code    94  dfix.o(x$fpl$dfix)
    __aeabi_i2d                              0x0800d53b   Thumb Code     0  dflt_clz.o(x$fpl$dflt)
    _dflt                                    0x0800d53b   Thumb Code    46  dflt_clz.o(x$fpl$dflt)
    __aeabi_ui2d                             0x0800d569   Thumb Code     0  dflt_clz.o(x$fpl$dfltu)
    _dfltu                                   0x0800d569   Thumb Code    38  dflt_clz.o(x$fpl$dfltu)
    __aeabi_dmul                             0x0800d591   Thumb Code     0  dmul.o(x$fpl$dmul)
    _dmul                                    0x0800d591   Thumb Code   332  dmul.o(x$fpl$dmul)
    __fpl_dnaninf                            0x0800d6e5   Thumb Code   156  dnaninf.o(x$fpl$dnaninf)
    __fpl_dretinf                            0x0800d781   Thumb Code    12  dretinf.o(x$fpl$dretinf)
    __aeabi_drsub                            0x0800d78d   Thumb Code     0  daddsub_clz.o(x$fpl$drsb)
    _drsb                                    0x0800d78d   Thumb Code    22  daddsub_clz.o(x$fpl$drsb)
    __aeabi_dsub                             0x0800d7a5   Thumb Code     0  daddsub_clz.o(x$fpl$dsub)
    _dsub                                    0x0800d7a5   Thumb Code   472  daddsub_clz.o(x$fpl$dsub)
    __aeabi_f2d                              0x0800d981   Thumb Code     0  f2d.o(x$fpl$f2d)
    _f2d                                     0x0800d981   Thumb Code    86  f2d.o(x$fpl$f2d)
    __fpl_fnaninf                            0x0800d9d7   Thumb Code   140  fnaninf.o(x$fpl$fnaninf)
    _fp_init                                 0x0800da63   Thumb Code    26  fpinit.o(x$fpl$fpinit)
    __fplib_config_fpu_vfp                   0x0800da7b   Thumb Code     0  fpinit.o(x$fpl$fpinit)
    __fplib_config_pureend_doubles           0x0800da7b   Thumb Code     0  fpinit.o(x$fpl$fpinit)
    __fpl_fretinf                            0x0800da7d   Thumb Code    10  fretinf.o(x$fpl$fretinf)
    __I$use$fp                               0x0800da86   Number         0  usenofp.o(x$fpl$usenofp)
    AHBPrescTable                            0x0800dc04   Data          16  system_stm32f4xx.o(.rodata.AHBPrescTable)
    APBPrescTable                            0x0800dc14   Data           8  system_stm32f4xx.o(.rodata.APBPrescTable)
    Region$$Table$$Base                      0x0800dc88   Number         0  anon$$obj.o(Region$$Table)
    Region$$Table$$Limit                     0x0800dca8   Number         0  anon$$obj.o(Region$$Table)
    uwTickFreq                               0x20000000   Data           1  stm32f4xx_hal.o(.data..L_MergedGlobals)
    uwTickPrio                               0x20000004   Data           4  stm32f4xx_hal.o(.data..L_MergedGlobals)
    a                                        0x20000008   Data           1  ins_task.o(.data..L_MergedGlobals)
    accel_temp_dma_tx_buf                    0x20000009   Data           4  ins_task.o(.data..L_MergedGlobals)
    gyro_dma_tx_buf                          0x2000000d   Data           8  ins_task.o(.data..L_MergedGlobals)
    accel_dma_tx_buf                         0x20000015   Data           9  ins_task.o(.data..L_MergedGlobals)
    BMI088_ACCEL_SEN                         0x20000020   Data           4  bmi088driver.o(.data..L_MergedGlobals)
    BMI088_GYRO_SEN                          0x20000024   Data           4  bmi088driver.o(.data..L_MergedGlobals)
    ykp                                      0x20000028   Data           4  my_gimbal_task.o(.data..L_MergedGlobals)
    pkp                                      0x2000002c   Data           4  my_gimbal_task.o(.data..L_MergedGlobals)
    pki                                      0x20000030   Data           4  my_gimbal_task.o(.data..L_MergedGlobals)
    pkd                                      0x20000034   Data           4  my_gimbal_task.o(.data..L_MergedGlobals)
    pkuixishu                                0x20000038   Data           4  my_gimbal_task.o(.data..L_MergedGlobals)
    FS_Desc                                  0x2000003c   Data          28  usbd_desc.o(.data.FS_Desc)
    SystemCoreClock                          0x20000058   Data           4  system_stm32f4xx.o(.data.SystemCoreClock)
    USBD_CDC                                 0x2000005c   Data          56  usbd_cdc.o(.data.USBD_CDC)
    USBD_FS_DeviceDesc                       0x200000e4   Data          18  usbd_desc.o(.data.USBD_FS_DeviceDesc)
    USBD_Interface_fops_FS                   0x200000f8   Data          20  usbd_cdc_if.o(.data.USBD_Interface_fops_FS)
    USBD_LangIDDesc                          0x2000010c   Data           4  usbd_desc.o(.data.USBD_LangIDDesc)
    USBD_StringSerial                        0x20000110   Data          26  usbd_desc.o(.data.USBD_StringSerial)
    twoKp                                    0x2000012c   Data           4  mahonyahrs.o(.data.twoKp)
    __libspace_start                         0x20000138   Data          96  libspace.o(.bss)
    __temporary_stack_top$libspace           0x20000198   Data           0  libspace.o(.bss)
    gimbal_taskHandle                        0x20000198   Data           4  freertos.o(.bss..L_MergedGlobals)
    my_ins_taskHandle                        0x2000019c   Data           4  freertos.o(.bss..L_MergedGlobals)
    My_usbHandle                             0x200001a0   Data           4  freertos.o(.bss..L_MergedGlobals)
    pxCurrentTCB                             0x200001a4   Data           4  tasks.o(.bss..L_MergedGlobals)
    twoKi                                    0x2000024c   Data           4  mahonyahrs.o(.bss..L_MergedGlobals)
    integralFBx                              0x20000250   Data           4  mahonyahrs.o(.bss..L_MergedGlobals)
    integralFBy                              0x20000254   Data           4  mahonyahrs.o(.bss..L_MergedGlobals)
    integralFBz                              0x20000258   Data           4  mahonyahrs.o(.bss..L_MergedGlobals)
    gyro_update_flag                         0x200002c8   Data           1  ins_task.o(.bss..L_MergedGlobals.1)
    accel_update_flag                        0x200002c9   Data           1  ins_task.o(.bss..L_MergedGlobals.1)
    accel_temp_update_flag                   0x200002ca   Data           1  ins_task.o(.bss..L_MergedGlobals.1)
    imu_start_dma_flag                       0x200002cb   Data           1  ins_task.o(.bss..L_MergedGlobals.1)
    accel_temp_dma_rx_buf                    0x200002d4   Data           4  ins_task.o(.bss..L_MergedGlobals.1)
    gyro_dma_rx_buf                          0x200002dc   Data           8  ins_task.o(.bss..L_MergedGlobals.1)
    accel_dma_rx_buf                         0x200002e4   Data           9  ins_task.o(.bss..L_MergedGlobals.1)
    INS_angle                                0x200002f0   Data          12  ins_task.o(.bss..L_MergedGlobals.1)
    jiaodu                                   0x200002fc   Data          12  ins_task.o(.bss..L_MergedGlobals.1)
    INS_quat                                 0x20000308   Data          16  ins_task.o(.bss..L_MergedGlobals.1)
    ist8310_real_data                        0x20000318   Data          16  ins_task.o(.bss..L_MergedGlobals.1)
    current_state                            0x20000328   Data           1  my_gimbal_task.o(.bss..L_MergedGlobals.1)
    ev                                       0x20000329   Data           1  my_gimbal_task.o(.bss..L_MergedGlobals.1)
    yki                                      0x2000032c   Data           4  my_gimbal_task.o(.bss..L_MergedGlobals.1)
    ykd                                      0x20000330   Data           4  my_gimbal_task.o(.bss..L_MergedGlobals.1)
    t                                        0x20000334   Data           4  my_gimbal_task.o(.bss..L_MergedGlobals.1)
    pitch                                    0x20000338   Data           4  my_gimbal_task.o(.bss..L_MergedGlobals.1)
    yaw                                      0x2000033c   Data           4  my_gimbal_task.o(.bss..L_MergedGlobals.1)
    yout                                     0x20000340   Data           4  my_gimbal_task.o(.bss..L_MergedGlobals.1)
    pout                                     0x20000344   Data           4  my_gimbal_task.o(.bss..L_MergedGlobals.1)
    pkui                                     0x20000348   Data           4  my_gimbal_task.o(.bss..L_MergedGlobals.1)
    ymotor                                   0x2000034c   Data          72  my_gimbal_task.o(.bss..L_MergedGlobals.1)
    bmi088_real_data                         0x20000394   Data          36  ins_task.o(.bss..L_MergedGlobals.2)
    USBD_StrDesc                             0x20000408   Data         512  usbd_desc.o(.bss.USBD_StrDesc)
    UserRxBufferFS                           0x20000828   Data        2048  usbd_cdc_if.o(.bss.UserRxBufferFS)
    UserTxBufferFS                           0x20001028   Data        2048  usbd_cdc_if.o(.bss.UserTxBufferFS)
    hUsbDeviceFS                             0x20001828   Data         732  usb_device.o(.bss.hUsbDeviceFS)
    hcan1                                    0x20001b04   Data          40  can.o(.bss.hcan1)
    hcan2                                    0x20001b2c   Data          40  can.o(.bss.hcan2)
    hdma_spi1_rx                             0x20001b54   Data          96  spi.o(.bss.hdma_spi1_rx)
    hdma_spi1_tx                             0x20001bb4   Data          96  spi.o(.bss.hdma_spi1_tx)
    hi2c3                                    0x20001c14   Data          84  i2c.o(.bss.hi2c3)
    hpcd_USB_OTG_FS                          0x20001c68   Data        1252  usbd_conf.o(.bss.hpcd_USB_OTG_FS)
    hspi1                                    0x2000214c   Data          88  spi.o(.bss.hspi1)
    htim10                                   0x200021a4   Data          72  tim.o(.bss.htim10)
    htim2                                    0x200021ec   Data          72  stm32f4xx_hal_timebase_tim.o(.bss.htim2)
    motor_chassis                            0x20002234   Data          70  can_receive.o(.bss.motor_chassis)
    pmotor                                   0x2000227c   Data          72  my_gimbal_task.o(.bss.pmotor)
    usb_cdc_data                             0x20005f50   Data        4100  bsp_usb.o(.bss.usb_cdc_data)
    uwTick                                   0x20006f54   Data           4  stm32f4xx_hal.o(.bss.uwTick)
    vofa                                     0x20006f58   Data          20  usb_task.o(.bss.vofa)



==============================================================================

Memory Map of the image

  Image Entry point : 0x08000189

  Load Region LR_IROM1 (Base: 0x08000000, Size: 0x0000dde0, Max: 0x00100000, ABSOLUTE)

    Execution Region ER_IROM1 (Exec base: 0x08000000, Load base: 0x08000000, Size: 0x0000dca8, Max: 0x00100000, ABSOLUTE)

    Exec Addr    Load Addr    Size         Type   Attr      Idx    E Section Name        Object

    0x08000000   0x08000000   0x00000188   Data   RO            3    RESET               startup_stm32f407xx.o
    0x08000188   0x08000188   0x00000008   Code   RO         2493  * !!!main             c_w.l(__main.o)
    0x08000190   0x08000190   0x00000034   Code   RO         2797    !!!scatter          c_w.l(__scatter.o)
    0x080001c4   0x080001c4   0x0000001a   Code   RO         2799    !!handler_copy      c_w.l(__scatter_copy.o)
    0x080001de   0x080001de   0x00000002   PAD
    0x080001e0   0x080001e0   0x0000001c   Code   RO         2801    !!handler_zi        c_w.l(__scatter_zi.o)
    0x080001fc   0x080001fc   0x00000002   Code   RO         2662    .ARM.Collect$$libinit$$00000000  c_w.l(libinit.o)
    0x080001fe   0x080001fe   0x00000004   Code   RO         2671    .ARM.Collect$$libinit$$00000001  c_w.l(libinit2.o)
    0x08000202   0x08000202   0x00000000   Code   RO         2674    .ARM.Collect$$libinit$$00000004  c_w.l(libinit2.o)
    0x08000202   0x08000202   0x00000000   Code   RO         2676    .ARM.Collect$$libinit$$00000006  c_w.l(libinit2.o)
    0x08000202   0x08000202   0x00000000   Code   RO         2679    .ARM.Collect$$libinit$$0000000C  c_w.l(libinit2.o)
    0x08000202   0x08000202   0x00000000   Code   RO         2681    .ARM.Collect$$libinit$$0000000E  c_w.l(libinit2.o)
    0x08000202   0x08000202   0x00000000   Code   RO         2683    .ARM.Collect$$libinit$$00000010  c_w.l(libinit2.o)
    0x08000202   0x08000202   0x00000000   Code   RO         2686    .ARM.Collect$$libinit$$00000013  c_w.l(libinit2.o)
    0x08000202   0x08000202   0x00000000   Code   RO         2688    .ARM.Collect$$libinit$$00000015  c_w.l(libinit2.o)
    0x08000202   0x08000202   0x00000000   Code   RO         2690    .ARM.Collect$$libinit$$00000017  c_w.l(libinit2.o)
    0x08000202   0x08000202   0x00000000   Code   RO         2692    .ARM.Collect$$libinit$$00000019  c_w.l(libinit2.o)
    0x08000202   0x08000202   0x00000000   Code   RO         2694    .ARM.Collect$$libinit$$0000001B  c_w.l(libinit2.o)
    0x08000202   0x08000202   0x00000000   Code   RO         2696    .ARM.Collect$$libinit$$0000001D  c_w.l(libinit2.o)
    0x08000202   0x08000202   0x00000000   Code   RO         2698    .ARM.Collect$$libinit$$0000001F  c_w.l(libinit2.o)
    0x08000202   0x08000202   0x00000000   Code   RO         2700    .ARM.Collect$$libinit$$00000021  c_w.l(libinit2.o)
    0x08000202   0x08000202   0x00000000   Code   RO         2702    .ARM.Collect$$libinit$$00000023  c_w.l(libinit2.o)
    0x08000202   0x08000202   0x00000000   Code   RO         2704    .ARM.Collect$$libinit$$00000025  c_w.l(libinit2.o)
    0x08000202   0x08000202   0x00000000   Code   RO         2706    .ARM.Collect$$libinit$$00000027  c_w.l(libinit2.o)
    0x08000202   0x08000202   0x00000000   Code   RO         2710    .ARM.Collect$$libinit$$0000002E  c_w.l(libinit2.o)
    0x08000202   0x08000202   0x00000000   Code   RO         2712    .ARM.Collect$$libinit$$00000030  c_w.l(libinit2.o)
    0x08000202   0x08000202   0x00000000   Code   RO         2714    .ARM.Collect$$libinit$$00000032  c_w.l(libinit2.o)
    0x08000202   0x08000202   0x00000000   Code   RO         2716    .ARM.Collect$$libinit$$00000034  c_w.l(libinit2.o)
    0x08000202   0x08000202   0x00000002   Code   RO         2717    .ARM.Collect$$libinit$$00000035  c_w.l(libinit2.o)
    0x08000204   0x08000204   0x00000002   Code   RO         2752    .ARM.Collect$$libshutdown$$00000000  c_w.l(libshutdown.o)
    0x08000206   0x08000206   0x00000000   Code   RO         2780    .ARM.Collect$$libshutdown$$00000002  c_w.l(libshutdown2.o)
    0x08000206   0x08000206   0x00000000   Code   RO         2782    .ARM.Collect$$libshutdown$$00000004  c_w.l(libshutdown2.o)
    0x08000206   0x08000206   0x00000000   Code   RO         2785    .ARM.Collect$$libshutdown$$00000007  c_w.l(libshutdown2.o)
    0x08000206   0x08000206   0x00000000   Code   RO         2788    .ARM.Collect$$libshutdown$$0000000A  c_w.l(libshutdown2.o)
    0x08000206   0x08000206   0x00000000   Code   RO         2790    .ARM.Collect$$libshutdown$$0000000C  c_w.l(libshutdown2.o)
    0x08000206   0x08000206   0x00000000   Code   RO         2793    .ARM.Collect$$libshutdown$$0000000F  c_w.l(libshutdown2.o)
    0x08000206   0x08000206   0x00000002   Code   RO         2794    .ARM.Collect$$libshutdown$$00000010  c_w.l(libshutdown2.o)
    0x08000208   0x08000208   0x00000000   Code   RO         2537    .ARM.Collect$$rtentry$$00000000  c_w.l(__rtentry.o)
    0x08000208   0x08000208   0x00000000   Code   RO         2601    .ARM.Collect$$rtentry$$00000002  c_w.l(__rtentry2.o)
    0x08000208   0x08000208   0x00000006   Code   RO         2613    .ARM.Collect$$rtentry$$00000004  c_w.l(__rtentry4.o)
    0x0800020e   0x0800020e   0x00000000   Code   RO         2603    .ARM.Collect$$rtentry$$00000009  c_w.l(__rtentry2.o)
    0x0800020e   0x0800020e   0x00000004   Code   RO         2604    .ARM.Collect$$rtentry$$0000000A  c_w.l(__rtentry2.o)
    0x08000212   0x08000212   0x00000000   Code   RO         2606    .ARM.Collect$$rtentry$$0000000C  c_w.l(__rtentry2.o)
    0x08000212   0x08000212   0x00000008   Code   RO         2607    .ARM.Collect$$rtentry$$0000000D  c_w.l(__rtentry2.o)
    0x0800021a   0x0800021a   0x00000002   Code   RO         2663    .ARM.Collect$$rtexit$$00000000  c_w.l(rtexit.o)
    0x0800021c   0x0800021c   0x00000000   Code   RO         2723    .ARM.Collect$$rtexit$$00000002  c_w.l(rtexit2.o)
    0x0800021c   0x0800021c   0x00000004   Code   RO         2724    .ARM.Collect$$rtexit$$00000003  c_w.l(rtexit2.o)
    0x08000220   0x08000220   0x00000006   Code   RO         2725    .ARM.Collect$$rtexit$$00000004  c_w.l(rtexit2.o)
    0x08000226   0x08000226   0x00000002   PAD
    0x08000228   0x08000228   0x00000040   Code   RO            4    .text               startup_stm32f407xx.o
    0x08000268   0x08000268   0x000000f0   Code   RO         2479    .text               c_w.l(lludivv7m.o)
    0x08000358   0x08000358   0x0000003e   Code   RO         2481    .text               c_w.l(strlen.o)
    0x08000396   0x08000396   0x00000010   Code   RO         2487    .text               c_w.l(aeabi_memset4.o)
    0x080003a6   0x080003a6   0x0000004e   Code   RO         2489    .text               c_w.l(rt_memclr_w.o)
    0x080003f4   0x080003f4   0x00000006   Code   RO         2491    .text               c_w.l(heapauxi.o)
    0x080003fa   0x080003fa   0x00000016   Code   RO         2542    .text               c_w.l(_rserrno.o)
    0x08000410   0x08000410   0x00000008   Code   RO         2620    .text               c_w.l(rt_errno_addr_intlibspace.o)
    0x08000418   0x08000418   0x00000008   Code   RO         2646    .text               c_w.l(libspace.o)
    0x08000420   0x08000420   0x0000004a   Code   RO         2649    .text               c_w.l(sys_stackheap_outer.o)
    0x0800046a   0x0800046a   0x00000012   Code   RO         2651    .text               c_w.l(exit.o)
    0x0800047c   0x0800047c   0x0000000c   Code   RO         2718    .text               c_w.l(sys_exit.o)
    0x08000488   0x08000488   0x00000002   Code   RO         2741    .text               c_w.l(use_no_semi.o)
    0x0800048a   0x0800048a   0x00000000   Code   RO         2743    .text               c_w.l(indicate_semi.o)
    0x0800048a   0x0800048a   0x00000002   PAD
    0x0800048c   0x0800048c   0x0000000e   Code   RO         2072    .text.BMI088_ACCEL_NS_H  bmi088middleware.o
    0x0800049a   0x0800049a   0x00000002   PAD
    0x0800049c   0x0800049c   0x0000000e   Code   RO         2070    .text.BMI088_ACCEL_NS_L  bmi088middleware.o
    0x080004aa   0x080004aa   0x00000002   PAD
    0x080004ac   0x080004ac   0x00000002   Code   RO         2062    .text.BMI088_GPIO_init  bmi088middleware.o
    0x080004ae   0x080004ae   0x00000002   PAD
    0x080004b0   0x080004b0   0x00000010   Code   RO         2076    .text.BMI088_GYRO_NS_H  bmi088middleware.o
    0x080004c0   0x080004c0   0x00000010   Code   RO         2074    .text.BMI088_GYRO_NS_L  bmi088middleware.o
    0x080004d0   0x080004d0   0x00000074   Code   RO         2036    .text.BMI088_accel_read_over  bmi088driver.o
    0x08000544   0x08000544   0x00000002   Code   RO         2064    .text.BMI088_com_init  bmi088middleware.o
    0x08000546   0x08000546   0x00000002   PAD
    0x08000548   0x08000548   0x00000004   Code   RO         2066    .text.BMI088_delay_ms  bmi088middleware.o
    0x0800054c   0x0800054c   0x00000004   Code   RO         2068    .text.BMI088_delay_us  bmi088middleware.o
    0x08000550   0x08000550   0x0000004e   Code   RO         2038    .text.BMI088_gyro_read_over  bmi088driver.o
    0x0800059e   0x0800059e   0x00000002   PAD
    0x080005a0   0x080005a0   0x00000030   Code   RO         2020    .text.BMI088_init   bmi088driver.o
    0x080005d0   0x080005d0   0x0000019e   Code   RO         2040    .text.BMI088_read   bmi088driver.o
    0x0800076e   0x0800076e   0x00000002   PAD
    0x08000770   0x08000770   0x0000002e   Code   RO         2078    .text.BMI088_read_write_byte  bmi088middleware.o
    0x0800079e   0x0800079e   0x00000002   PAD
    0x080007a0   0x080007a0   0x0000003a   Code   RO         2034    .text.BMI088_temperature_read_over  bmi088driver.o
    0x080007da   0x080007da   0x00000002   PAD
    0x080007dc   0x080007dc   0x00000002   Code   RO          145    .text.BusFault_Handler  stm32f4xx_it.o
    0x080007de   0x080007de   0x00000002   PAD
    0x080007e0   0x080007e0   0x0000000c   Code   RO          157    .text.CAN1_RX0_IRQHandler  stm32f4xx_it.o
    0x080007ec   0x080007ec   0x0000000c   Code   RO          167    .text.CAN2_RX0_IRQHandler  stm32f4xx_it.o
    0x080007f8   0x080007f8   0x00000062   Code   RO         2148    .text.CAN_cmd_chassis  can_receive.o
    0x0800085a   0x0800085a   0x00000002   PAD
    0x0800085c   0x0800085c   0x00000004   Code   RO         2247    .text.CDC_Control_FS  usbd_cdc_if.o
    0x08000860   0x08000860   0x00000004   Code   RO         2245    .text.CDC_DeInit_FS  usbd_cdc_if.o
    0x08000864   0x08000864   0x0000002c   Code   RO         2243    .text.CDC_Init_FS   usbd_cdc_if.o
    0x08000890   0x08000890   0x00000032   Code   RO         2249    .text.CDC_Receive_FS  usbd_cdc_if.o
    0x080008c2   0x080008c2   0x00000002   PAD
    0x080008c4   0x080008c4   0x00000004   Code   RO         2251    .text.CDC_TransmitCplt_FS  usbd_cdc_if.o
    0x080008c8   0x080008c8   0x00000036   Code   RO         2253    .text.CDC_Transmit_FS  usbd_cdc_if.o
    0x080008fe   0x080008fe   0x00000002   PAD
    0x08000900   0x08000900   0x00000004   Code   RO          163    .text.DMA2_Stream2_IRQHandler  stm32f4xx_it.o
    0x08000904   0x08000904   0x000004c0   Code   RO         1908    .text.DMA2_Stream2_IRQHandler__1  ins_task.o
    0x08000dc4   0x08000dc4   0x0000000c   Code   RO          165    .text.DMA2_Stream3_IRQHandler  stm32f4xx_it.o
    0x08000dd0   0x08000dd0   0x00000002   Code   RO          149    .text.DebugMon_Handler  stm32f4xx_it.o
    0x08000dd2   0x08000dd2   0x00000002   PAD
    0x08000dd4   0x08000dd4   0x00000006   Code   RO          151    .text.EXTI0_IRQHandler  stm32f4xx_it.o
    0x08000dda   0x08000dda   0x00000002   PAD
    0x08000ddc   0x08000ddc   0x00000006   Code   RO          153    .text.EXTI3_IRQHandler  stm32f4xx_it.o
    0x08000de2   0x08000de2   0x00000002   PAD
    0x08000de4   0x08000de4   0x00000006   Code   RO          155    .text.EXTI4_IRQHandler  stm32f4xx_it.o
    0x08000dea   0x08000dea   0x00000002   PAD
    0x08000dec   0x08000dec   0x00000006   Code   RO          159    .text.EXTI9_5_IRQHandler  stm32f4xx_it.o
    0x08000df2   0x08000df2   0x00000002   PAD
    0x08000df4   0x08000df4   0x00000006   Code   RO           15    .text.Error_Handler  main.o
    0x08000dfa   0x08000dfa   0x00000002   PAD
    0x08000dfc   0x08000dfc   0x0000002e   Code   RO         1138    .text.HAL_CAN_ActivateNotification  stm32f4xx_hal_can.o
    0x08000e2a   0x08000e2a   0x00000002   PAD
    0x08000e2c   0x08000e2c   0x000000a4   Code   RO         1124    .text.HAL_CAN_AddTxMessage  stm32f4xx_hal_can.o
    0x08000ed0   0x08000ed0   0x000000de   Code   RO         1114    .text.HAL_CAN_ConfigFilter  stm32f4xx_hal_can.o
    0x08000fae   0x08000fae   0x00000002   PAD
    0x08000fb0   0x08000fb0   0x00000002   Code   RO         1168    .text.HAL_CAN_ErrorCallback  stm32f4xx_hal_can.o
    0x08000fb2   0x08000fb2   0x00000002   PAD
    0x08000fb4   0x08000fb4   0x00000134   Code   RO         1134    .text.HAL_CAN_GetRxMessage  stm32f4xx_hal_can.o
    0x080010e8   0x080010e8   0x0000025e   Code   RO         1142    .text.HAL_CAN_IRQHandler  stm32f4xx_hal_can.o
    0x08001346   0x08001346   0x00000002   PAD
    0x08001348   0x08001348   0x000000f4   Code   RO         1104    .text.HAL_CAN_Init  stm32f4xx_hal_can.o
    0x0800143c   0x0800143c   0x0000011e   Code   RO           66    .text.HAL_CAN_MspInit  can.o
    0x0800155a   0x0800155a   0x00000002   PAD
    0x0800155c   0x0800155c   0x00000002   Code   RO         1156    .text.HAL_CAN_RxFifo0FullCallback  stm32f4xx_hal_can.o
    0x0800155e   0x0800155e   0x00000002   PAD
    0x08001560   0x08001560   0x0000005e   Code   RO         2142    .text.HAL_CAN_RxFifo0MsgPendingCallback  can_receive.o
    0x080015be   0x080015be   0x00000002   PAD
    0x080015c0   0x080015c0   0x00000002   Code   RO         1160    .text.HAL_CAN_RxFifo1FullCallback  stm32f4xx_hal_can.o
    0x080015c2   0x080015c2   0x00000002   PAD
    0x080015c4   0x080015c4   0x00000002   Code   RO         1162    .text.HAL_CAN_RxFifo1MsgPendingCallback  stm32f4xx_hal_can.o
    0x080015c6   0x080015c6   0x00000002   PAD
    0x080015c8   0x080015c8   0x00000002   Code   RO         1164    .text.HAL_CAN_SleepCallback  stm32f4xx_hal_can.o
    0x080015ca   0x080015ca   0x00000002   PAD
    0x080015cc   0x080015cc   0x0000005a   Code   RO         1116    .text.HAL_CAN_Start  stm32f4xx_hal_can.o
    0x08001626   0x08001626   0x00000002   PAD
    0x08001628   0x08001628   0x00000002   Code   RO         1146    .text.HAL_CAN_TxMailbox0AbortCallback  stm32f4xx_hal_can.o
    0x0800162a   0x0800162a   0x00000002   PAD
    0x0800162c   0x0800162c   0x00000002   Code   RO         1144    .text.HAL_CAN_TxMailbox0CompleteCallback  stm32f4xx_hal_can.o
    0x0800162e   0x0800162e   0x00000002   PAD
    0x08001630   0x08001630   0x00000002   Code   RO         1150    .text.HAL_CAN_TxMailbox1AbortCallback  stm32f4xx_hal_can.o
    0x08001632   0x08001632   0x00000002   PAD
    0x08001634   0x08001634   0x00000002   Code   RO         1148    .text.HAL_CAN_TxMailbox1CompleteCallback  stm32f4xx_hal_can.o
    0x08001636   0x08001636   0x00000002   PAD
    0x08001638   0x08001638   0x00000002   Code   RO         1154    .text.HAL_CAN_TxMailbox2AbortCallback  stm32f4xx_hal_can.o
    0x0800163a   0x0800163a   0x00000002   PAD
    0x0800163c   0x0800163c   0x00000002   Code   RO         1152    .text.HAL_CAN_TxMailbox2CompleteCallback  stm32f4xx_hal_can.o
    0x0800163e   0x0800163e   0x00000002   PAD
    0x08001640   0x08001640   0x00000002   Code   RO         1166    .text.HAL_CAN_WakeUpFromRxMsgCallback  stm32f4xx_hal_can.o
    0x08001642   0x08001642   0x00000002   PAD
    0x08001644   0x08001644   0x000001c0   Code   RO          881    .text.HAL_DMA_IRQHandler  stm32f4xx_hal_dma.o
    0x08001804   0x08001804   0x00000162   Code   RO          867    .text.HAL_DMA_Init  stm32f4xx_hal_dma.o
    0x08001966   0x08001966   0x00000002   PAD
    0x08001968   0x08001968   0x00000028   Code   RO         1034    .text.HAL_Delay     stm32f4xx_hal.o
    0x08001990   0x08001990   0x0000008a   Code   RO         1904    .text.HAL_GPIO_EXTI_Callback  ins_task.o
    0x08001a1a   0x08001a1a   0x00000002   PAD
    0x08001a1c   0x08001a1c   0x00000016   Code   RO          841    .text.HAL_GPIO_EXTI_IRQHandler  stm32f4xx_hal_gpio.o
    0x08001a32   0x08001a32   0x00000002   PAD
    0x08001a34   0x08001a34   0x000001ba   Code   RO          829    .text.HAL_GPIO_Init  stm32f4xx_hal_gpio.o
    0x08001bee   0x08001bee   0x00000002   PAD
    0x08001bf0   0x08001bf0   0x0000000a   Code   RO          835    .text.HAL_GPIO_WritePin  stm32f4xx_hal_gpio.o
    0x08001bfa   0x08001bfa   0x00000002   PAD
    0x08001bfc   0x08001bfc   0x0000000c   Code   RO         1026    .text.HAL_GetTick   stm32f4xx_hal.o
    0x08001c08   0x08001c08   0x00000176   Code   RO         1184    .text.HAL_I2C_Init  stm32f4xx_hal_i2c.o
    0x08001d7e   0x08001d7e   0x00000002   PAD
    0x08001d80   0x08001d80   0x0000025c   Code   RO         1232    .text.HAL_I2C_Mem_Read  stm32f4xx_hal_i2c.o
    0x08001fdc   0x08001fdc   0x00000158   Code   RO         1228    .text.HAL_I2C_Mem_Write  stm32f4xx_hal_i2c.o
    0x08002134   0x08002134   0x000000aa   Code   RO           92    .text.HAL_I2C_MspInit  i2c.o
    0x080021de   0x080021de   0x00000002   PAD
    0x080021e0   0x080021e0   0x0000001a   Code   RO         1024    .text.HAL_IncTick   stm32f4xx_hal.o
    0x080021fa   0x080021fa   0x00000002   PAD
    0x080021fc   0x080021fc   0x00000036   Code   RO         1014    .text.HAL_Init      stm32f4xx_hal.o
    0x08002232   0x08002232   0x00000002   PAD
    0x08002234   0x08002234   0x000000b8   Code   RO          187    .text.HAL_InitTick  stm32f4xx_hal_timebase_tim.o
    0x080022ec   0x080022ec   0x00000042   Code   RO          178    .text.HAL_MspInit   stm32f4xx_hal_msp.o
    0x0800232e   0x0800232e   0x00000002   PAD
    0x08002330   0x08002330   0x00000020   Code   RO          966    .text.HAL_NVIC_EnableIRQ  stm32f4xx_hal_cortex.o
    0x08002350   0x08002350   0x00000056   Code   RO          964    .text.HAL_NVIC_SetPriority  stm32f4xx_hal_cortex.o
    0x080023a6   0x080023a6   0x00000002   PAD
    0x080023a8   0x080023a8   0x00000020   Code   RO          962    .text.HAL_NVIC_SetPriorityGrouping  stm32f4xx_hal_cortex.o
    0x080023c8   0x080023c8   0x00000002   Code   RO          603    .text.HAL_PCDEx_LPM_Callback  stm32f4xx_hal_pcd_ex.o
    0x080023ca   0x080023ca   0x00000002   PAD
    0x080023cc   0x080023cc   0x00000008   Code   RO          601    .text.HAL_PCDEx_SetRxFiFo  stm32f4xx_hal_pcd_ex.o
    0x080023d4   0x080023d4   0x000000ea   Code   RO          599    .text.HAL_PCDEx_SetTxFiFo  stm32f4xx_hal_pcd_ex.o
    0x080024be   0x080024be   0x00000002   PAD
    0x080024c0   0x080024c0   0x00000008   Code   RO         2288    .text.HAL_PCD_ConnectCallback  usbd_conf.o
    0x080024c8   0x080024c8   0x00000014   Code   RO         2274    .text.HAL_PCD_DataInStageCallback  usbd_conf.o
    0x080024dc   0x080024dc   0x00000016   Code   RO         2272    .text.HAL_PCD_DataOutStageCallback  usbd_conf.o
    0x080024f2   0x080024f2   0x00000002   PAD
    0x080024f4   0x080024f4   0x00000008   Code   RO         2290    .text.HAL_PCD_DisconnectCallback  usbd_conf.o
    0x080024fc   0x080024fc   0x0000004a   Code   RO          569    .text.HAL_PCD_EP_Close  stm32f4xx_hal_pcd.o
    0x08002546   0x08002546   0x00000002   PAD
    0x08002548   0x08002548   0x00000062   Code   RO          579    .text.HAL_PCD_EP_ClrStall  stm32f4xx_hal_pcd.o
    0x080025aa   0x080025aa   0x00000002   PAD
    0x080025ac   0x080025ac   0x00000012   Code   RO          573    .text.HAL_PCD_EP_GetRxCount  stm32f4xx_hal_pcd.o
    0x080025be   0x080025be   0x00000002   PAD
    0x080025c0   0x080025c0   0x00000064   Code   RO          567    .text.HAL_PCD_EP_Open  stm32f4xx_hal_pcd.o
    0x08002624   0x08002624   0x00000044   Code   RO          571    .text.HAL_PCD_EP_Receive  stm32f4xx_hal_pcd.o
    0x08002668   0x08002668   0x00000078   Code   RO          577    .text.HAL_PCD_EP_SetStall  stm32f4xx_hal_pcd.o
    0x080026e0   0x080026e0   0x00000042   Code   RO          575    .text.HAL_PCD_EP_Transmit  stm32f4xx_hal_pcd.o
    0x08002722   0x08002722   0x00000002   PAD
    0x08002724   0x08002724   0x00000926   Code   RO          533    .text.HAL_PCD_IRQHandler  stm32f4xx_hal_pcd.o
    0x0800304a   0x0800304a   0x00000002   PAD
    0x0800304c   0x0800304c   0x00000008   Code   RO         2286    .text.HAL_PCD_ISOINIncompleteCallback  usbd_conf.o
    0x08003054   0x08003054   0x00000008   Code   RO         2284    .text.HAL_PCD_ISOOUTIncompleteCallback  usbd_conf.o
    0x0800305c   0x0800305c   0x00000272   Code   RO          521    .text.HAL_PCD_Init  stm32f4xx_hal_pcd.o
    0x080032ce   0x080032ce   0x00000002   PAD
    0x080032d0   0x080032d0   0x0000007e   Code   RO         2266    .text.HAL_PCD_MspInit  usbd_conf.o
    0x0800334e   0x0800334e   0x00000002   PAD
    0x08003350   0x08003350   0x0000002a   Code   RO         2278    .text.HAL_PCD_ResetCallback  usbd_conf.o
    0x0800337a   0x0800337a   0x00000002   PAD
    0x0800337c   0x0800337c   0x00000008   Code   RO         2282    .text.HAL_PCD_ResumeCallback  usbd_conf.o
    0x08003384   0x08003384   0x00000008   Code   RO         2276    .text.HAL_PCD_SOFCallback  usbd_conf.o
    0x0800338c   0x0800338c   0x00000026   Code   RO          565    .text.HAL_PCD_SetAddress  stm32f4xx_hal_pcd.o
    0x080033b2   0x080033b2   0x00000002   PAD
    0x080033b4   0x080033b4   0x0000000e   Code   RO         2270    .text.HAL_PCD_SetupStageCallback  usbd_conf.o
    0x080033c2   0x080033c2   0x00000002   PAD
    0x080033c4   0x080033c4   0x0000003e   Code   RO          529    .text.HAL_PCD_Start  stm32f4xx_hal_pcd.o
    0x08003402   0x08003402   0x00000002   PAD
    0x08003404   0x08003404   0x00000034   Code   RO         2280    .text.HAL_PCD_SuspendCallback  usbd_conf.o
    0x08003438   0x08003438   0x00000160   Code   RO          723    .text.HAL_RCC_ClockConfig  stm32f4xx_hal_rcc.o
    0x08003598   0x08003598   0x0000003e   Code   RO          741    .text.HAL_RCC_GetClockConfig  stm32f4xx_hal_rcc.o
    0x080035d6   0x080035d6   0x00000002   PAD
    0x080035d8   0x080035d8   0x0000000c   Code   RO          733    .text.HAL_RCC_GetHCLKFreq  stm32f4xx_hal_rcc.o
    0x080035e4   0x080035e4   0x00000026   Code   RO          735    .text.HAL_RCC_GetPCLK1Freq  stm32f4xx_hal_rcc.o
    0x0800360a   0x0800360a   0x00000002   PAD
    0x0800360c   0x0800360c   0x0000006a   Code   RO          725    .text.HAL_RCC_GetSysClockFreq  stm32f4xx_hal_rcc.o
    0x08003676   0x08003676   0x00000002   PAD
    0x08003678   0x08003678   0x00000378   Code   RO          721    .text.HAL_RCC_OscConfig  stm32f4xx_hal_rcc.o
    0x080039f0   0x080039f0   0x000000b4   Code   RO         1323    .text.HAL_SPI_Init  stm32f4xx_hal_spi.o
    0x08003aa4   0x08003aa4   0x00000128   Code   RO          107    .text.HAL_SPI_MspInit  spi.o
    0x08003bcc   0x08003bcc   0x0000034e   Code   RO         1335    .text.HAL_SPI_TransmitReceive  stm32f4xx_hal_spi.o
    0x08003f1a   0x08003f1a   0x00000002   PAD
    0x08003f1c   0x08003f1c   0x00000002   Code   RO          507    .text.HAL_TIMEx_BreakCallback  stm32f4xx_hal_tim_ex.o
    0x08003f1e   0x08003f1e   0x00000002   PAD
    0x08003f20   0x08003f20   0x00000002   Code   RO          503    .text.HAL_TIMEx_CommutCallback  stm32f4xx_hal_tim_ex.o
    0x08003f22   0x08003f22   0x00000002   PAD
    0x08003f24   0x08003f24   0x0000005a   Code   RO          202    .text.HAL_TIM_Base_Init  stm32f4xx_hal_tim.o
    0x08003f7e   0x08003f7e   0x00000002   PAD
    0x08003f80   0x08003f80   0x00000036   Code   RO          126    .text.HAL_TIM_Base_MspInit  tim.o
    0x08003fb6   0x08003fb6   0x00000002   PAD
    0x08003fb8   0x08003fb8   0x000000aa   Code   RO          216    .text.HAL_TIM_Base_Start_IT  stm32f4xx_hal_tim.o
    0x08004062   0x08004062   0x00000002   PAD
    0x08004064   0x08004064   0x00000002   Code   RO          338    .text.HAL_TIM_IC_CaptureCallback  stm32f4xx_hal_tim.o
    0x08004066   0x08004066   0x00000002   PAD
    0x08004068   0x08004068   0x0000014e   Code   RO          336    .text.HAL_TIM_IRQHandler  stm32f4xx_hal_tim.o
    0x080041b6   0x080041b6   0x00000002   PAD
    0x080041b8   0x080041b8   0x00000002   Code   RO          340    .text.HAL_TIM_OC_DelayElapsedCallback  stm32f4xx_hal_tim.o
    0x080041ba   0x080041ba   0x00000002   PAD
    0x080041bc   0x080041bc   0x00000222   Code   RO          356    .text.HAL_TIM_PWM_ConfigChannel  stm32f4xx_hal_tim.o
    0x080043de   0x080043de   0x00000002   PAD
    0x080043e0   0x080043e0   0x0000005a   Code   RO          256    .text.HAL_TIM_PWM_Init  stm32f4xx_hal_tim.o
    0x0800443a   0x0800443a   0x00000002   PAD
    0x0800443c   0x0800443c   0x00000002   Code   RO          258    .text.HAL_TIM_PWM_MspInit  stm32f4xx_hal_tim.o
    0x0800443e   0x0800443e   0x00000002   PAD
    0x08004440   0x08004440   0x00000002   Code   RO          342    .text.HAL_TIM_PWM_PulseFinishedCallback  stm32f4xx_hal_tim.o
    0x08004442   0x08004442   0x00000002   PAD
    0x08004444   0x08004444   0x0000000e   Code   RO           17    .text.HAL_TIM_PeriodElapsedCallback  main.o
    0x08004452   0x08004452   0x00000002   PAD
    0x08004454   0x08004454   0x00000002   Code   RO          346    .text.HAL_TIM_TriggerCallback  stm32f4xx_hal_tim.o
    0x08004456   0x08004456   0x00000002   PAD
    0x08004458   0x08004458   0x00000002   Code   RO          141    .text.HardFault_Handler  stm32f4xx_it.o
    0x0800445a   0x0800445a   0x00000002   PAD
    0x0800445c   0x0800445c   0x00000118   Code   RO         1234    .text.I2C_RequestMemoryRead  stm32f4xx_hal_i2c.o
    0x08004574   0x08004574   0x000000c8   Code   RO         1230    .text.I2C_RequestMemoryWrite  stm32f4xx_hal_i2c.o
    0x0800463c   0x0800463c   0x000000be   Code   RO         1198    .text.I2C_WaitOnBTFFlagUntilTimeout  stm32f4xx_hal_i2c.o
    0x080046fa   0x080046fa   0x00000002   PAD
    0x080046fc   0x080046fc   0x000001d2   Code   RO         1194    .text.I2C_WaitOnFlagUntilTimeout  stm32f4xx_hal_i2c.o
    0x080048ce   0x080048ce   0x00000002   PAD
    0x080048d0   0x080048d0   0x000000e0   Code   RO         1312    .text.I2C_WaitOnMasterAddressFlagUntilTimeout  stm32f4xx_hal_i2c.o
    0x080049b0   0x080049b0   0x00000090   Code   RO         1202    .text.I2C_WaitOnRXNEFlagUntilTimeout  stm32f4xx_hal_i2c.o
    0x08004a40   0x08004a40   0x000000be   Code   RO         1196    .text.I2C_WaitOnTXEFlagUntilTimeout  stm32f4xx_hal_i2c.o
    0x08004afe   0x08004afe   0x00000002   PAD
    0x08004b00   0x08004b00   0x000002f8   Code   RO         1896    .text.INS_task      ins_task.o
    0x08004df8   0x08004df8   0x00000040   Code   RO           62    .text.MX_CAN1_Init  can.o
    0x08004e38   0x08004e38   0x00000040   Code   RO           64    .text.MX_CAN2_Init  can.o
    0x08004e78   0x08004e78   0x00000048   Code   RO           81    .text.MX_DMA_Init   dma.o
    0x08004ec0   0x08004ec0   0x00000078   Code   RO           39    .text.MX_FREERTOS_Init  freertos.o
    0x08004f38   0x08004f38   0x00000196   Code   RO           28    .text.MX_GPIO_Init  gpio.o
    0x080050ce   0x080050ce   0x00000002   PAD
    0x080050d0   0x080050d0   0x00000042   Code   RO           90    .text.MX_I2C3_Init  i2c.o
    0x08005112   0x08005112   0x00000002   PAD
    0x08005114   0x08005114   0x00000052   Code   RO          105    .text.MX_SPI1_Init  spi.o
    0x08005166   0x08005166   0x00000002   PAD
    0x08005168   0x08005168   0x000000bc   Code   RO          122    .text.MX_TIM10_Init  tim.o
    0x08005224   0x08005224   0x00000072   Code   RO         2207    .text.MX_USB_DEVICE_Init  usb_device.o
    0x08005296   0x08005296   0x00000002   PAD
    0x08005298   0x08005298   0x00000420   Code   RO         1958    .text.MahonyAHRSupdate  mahonyahrs.o
    0x080056b8   0x080056b8   0x0000026c   Code   RO         1960    .text.MahonyAHRSupdateIMU  mahonyahrs.o
    0x08005924   0x08005924   0x00000002   Code   RO          143    .text.MemManage_Handler  stm32f4xx_it.o
    0x08005926   0x08005926   0x00000002   PAD
    0x08005928   0x08005928   0x00000002   Code   RO          139    .text.NMI_Handler   stm32f4xx_it.o
    0x0800592a   0x0800592a   0x00000002   PAD
    0x0800592c   0x0800592c   0x0000000c   Code   RO          169    .text.OTG_FS_IRQHandler  stm32f4xx_it.o
    0x08005938   0x08005938   0x0000015c   Code   RO         2008    .text.PID_calc      pid.o
    0x08005a94   0x08005a94   0x00000032   Code   RO         2006    .text.PID_init      pid.o
    0x08005ac6   0x08005ac6   0x0000000a   PAD
    0x08005ad0   0x08005ad0   0x00000064   Code   RO         1880    .text.PendSV_Handler  port.o
    0x08005b34   0x08005b34   0x00000b96   Code   RO         1948    .text.SPI1_DMA_enable  bsp_spi.o
    0x080066ca   0x080066ca   0x00000002   PAD
    0x080066cc   0x080066cc   0x00000158   Code   RO         1946    .text.SPI1_DMA_init  bsp_spi.o
    0x08006824   0x08006824   0x00000124   Code   RO         1427    .text.SPI_WaitFlagStateUntilTimeout  stm32f4xx_hal_spi.o
    0x08006948   0x08006948   0x00000008   PAD
    0x08006950   0x08006950   0x00000024   Code   RO         1864    .text.SVC_Handler   port.o
    0x08006974   0x08006974   0x0000002e   Code   RO         1882    .text.SysTick_Handler  port.o
    0x080069a2   0x080069a2   0x00000002   PAD
    0x080069a4   0x080069a4   0x000000a8   Code   RO           13    .text.SystemClock_Config  main.o
    0x08006a4c   0x08006a4c   0x00000012   Code   RO         1437    .text.SystemInit    system_stm32f4xx.o
    0x08006a5e   0x08006a5e   0x00000002   PAD
    0x08006a60   0x08006a60   0x0000000c   Code   RO          161    .text.TIM2_IRQHandler  stm32f4xx_it.o
    0x08006a6c   0x08006a6c   0x00000142   Code   RO          206    .text.TIM_Base_SetConfig  stm32f4xx_hal_tim.o
    0x08006bae   0x08006bae   0x00000002   PAD
    0x08006bb0   0x08006bb0   0x00000076   Code   RO         2445    .text.USBD_CDC_DataIn  usbd_cdc.o
    0x08006c26   0x08006c26   0x00000002   PAD
    0x08006c28   0x08006c28   0x0000003c   Code   RO         2447    .text.USBD_CDC_DataOut  usbd_cdc.o
    0x08006c64   0x08006c64   0x00000060   Code   RO         2439    .text.USBD_CDC_DeInit  usbd_cdc.o
    0x08006cc4   0x08006cc4   0x0000003c   Code   RO         2443    .text.USBD_CDC_EP0_RxReady  usbd_cdc.o
    0x08006d00   0x08006d00   0x00000010   Code   RO         2455    .text.USBD_CDC_GetDeviceQualifierDescriptor  usbd_cdc.o
    0x08006d10   0x08006d10   0x00000052   Code   RO         2451    .text.USBD_CDC_GetFSCfgDesc  usbd_cdc.o
    0x08006d62   0x08006d62   0x00000002   PAD
    0x08006d64   0x08006d64   0x00000056   Code   RO         2449    .text.USBD_CDC_GetHSCfgDesc  usbd_cdc.o
    0x08006dba   0x08006dba   0x00000002   PAD
    0x08006dbc   0x08006dbc   0x00000052   Code   RO         2453    .text.USBD_CDC_GetOtherSpeedCfgDesc  usbd_cdc.o
    0x08006e0e   0x08006e0e   0x00000002   PAD
    0x08006e10   0x08006e10   0x000000d2   Code   RO         2437    .text.USBD_CDC_Init  usbd_cdc.o
    0x08006ee2   0x08006ee2   0x00000002   PAD
    0x08006ee4   0x08006ee4   0x00000034   Code   RO         2465    .text.USBD_CDC_ReceivePacket  usbd_cdc.o
    0x08006f18   0x08006f18   0x00000018   Code   RO         2457    .text.USBD_CDC_RegisterInterface  usbd_cdc.o
    0x08006f30   0x08006f30   0x0000001a   Code   RO         2461    .text.USBD_CDC_SetRxBuffer  usbd_cdc.o
    0x08006f4a   0x08006f4a   0x00000002   PAD
    0x08006f4c   0x08006f4c   0x0000001e   Code   RO         2459    .text.USBD_CDC_SetTxBuffer  usbd_cdc.o
    0x08006f6a   0x08006f6a   0x00000002   PAD
    0x08006f6c   0x08006f6c   0x000000fc   Code   RO         2441    .text.USBD_CDC_Setup  usbd_cdc.o
    0x08007068   0x08007068   0x0000003e   Code   RO         2463    .text.USBD_CDC_TransmitPacket  usbd_cdc.o
    0x080070a6   0x080070a6   0x00000002   PAD
    0x080070a8   0x080070a8   0x00000012   Code   RO         2352    .text.USBD_ClrClassConfig  usbd_core.o
    0x080070ba   0x080070ba   0x00000002   PAD
    0x080070bc   0x080070bc   0x00000004   Code   RO         2360    .text.USBD_CoreFindEP  usbd_core.o
    0x080070c0   0x080070c0   0x00000004   Code   RO         2358    .text.USBD_CoreFindIF  usbd_core.o
    0x080070c4   0x080070c4   0x00000010   Code   RO         2421    .text.USBD_CtlContinueRx  usbd_ioreq.o
    0x080070d4   0x080070d4   0x00000010   Code   RO         2417    .text.USBD_CtlContinueSendData  usbd_ioreq.o
    0x080070e4   0x080070e4   0x00000016   Code   RO         2396    .text.USBD_CtlError  usbd_ctlreq.o
    0x080070fa   0x080070fa   0x00000002   PAD
    0x080070fc   0x080070fc   0x0000001e   Code   RO         2419    .text.USBD_CtlPrepareRx  usbd_ioreq.o
    0x0800711a   0x0800711a   0x00000002   PAD
    0x0800711c   0x0800711c   0x00000016   Code   RO         2425    .text.USBD_CtlReceiveStatus  usbd_ioreq.o
    0x08007132   0x08007132   0x00000002   PAD
    0x08007134   0x08007134   0x0000001c   Code   RO         2415    .text.USBD_CtlSendData  usbd_ioreq.o
    0x08007150   0x08007150   0x00000016   Code   RO         2423    .text.USBD_CtlSendStatus  usbd_ioreq.o
    0x08007166   0x08007166   0x00000002   PAD
    0x08007168   0x08007168   0x00000024   Code   RO         2226    .text.USBD_FS_ConfigStrDescriptor  usbd_desc.o
    0x0800718c   0x0800718c   0x0000000e   Code   RO         2216    .text.USBD_FS_DeviceDescriptor  usbd_desc.o
    0x0800719a   0x0800719a   0x00000002   PAD
    0x0800719c   0x0800719c   0x00000028   Code   RO         2228    .text.USBD_FS_InterfaceStrDescriptor  usbd_desc.o
    0x080071c4   0x080071c4   0x0000000e   Code   RO         2218    .text.USBD_FS_LangIDStrDescriptor  usbd_desc.o
    0x080071d2   0x080071d2   0x00000002   PAD
    0x080071d4   0x080071d4   0x0000001c   Code   RO         2220    .text.USBD_FS_ManufacturerStrDescriptor  usbd_desc.o
    0x080071f0   0x080071f0   0x00000030   Code   RO         2222    .text.USBD_FS_ProductStrDescriptor  usbd_desc.o
    0x08007220   0x08007220   0x0000016c   Code   RO         2224    .text.USBD_FS_SerialStrDescriptor  usbd_desc.o
    0x0800738c   0x0800738c   0x00000040   Code   RO         2382    .text.USBD_GetEpDesc  usbd_core.o
    0x080073cc   0x080073cc   0x000000fa   Code   RO         2404    .text.USBD_GetString  usbd_ctlreq.o
    0x080074c6   0x080074c6   0x00000002   PAD
    0x080074c8   0x080074c8   0x0000002a   Code   RO         2338    .text.USBD_Init     usbd_core.o
    0x080074f2   0x080074f2   0x00000002   PAD
    0x080074f4   0x080074f4   0x00000022   Code   RO         2310    .text.USBD_LL_ClearStallEP  usbd_conf.o
    0x08007516   0x08007516   0x00000002   PAD
    0x08007518   0x08007518   0x00000022   Code   RO         2304    .text.USBD_LL_CloseEP  usbd_conf.o
    0x0800753a   0x0800753a   0x00000002   PAD
    0x0800753c   0x0800753c   0x000000ba   Code   RO         2362    .text.USBD_LL_DataInStage  usbd_core.o
    0x080075f6   0x080075f6   0x00000002   PAD
    0x080075f8   0x080075f8   0x00000080   Code   RO         2356    .text.USBD_LL_DataOutStage  usbd_core.o
    0x08007678   0x08007678   0x00000004   Code   RO         2378    .text.USBD_LL_DevConnected  usbd_core.o
    0x0800767c   0x0800767c   0x00000020   Code   RO         2380    .text.USBD_LL_DevDisconnected  usbd_core.o
    0x0800769c   0x0800769c   0x00000008   Code   RO         2320    .text.USBD_LL_GetRxDataSize  usbd_conf.o
    0x080076a4   0x080076a4   0x0000006c   Code   RO         2292    .text.USBD_LL_Init  usbd_conf.o
    0x08007710   0x08007710   0x00000020   Code   RO         2312    .text.USBD_LL_IsStallEP  usbd_conf.o
    0x08007730   0x08007730   0x00000028   Code   RO         2374    .text.USBD_LL_IsoINIncomplete  usbd_core.o
    0x08007758   0x08007758   0x00000028   Code   RO         2376    .text.USBD_LL_IsoOUTIncomplete  usbd_core.o
    0x08007780   0x08007780   0x00000028   Code   RO         2302    .text.USBD_LL_OpenEP  usbd_conf.o
    0x080077a8   0x080077a8   0x00000022   Code   RO         2318    .text.USBD_LL_PrepareReceive  usbd_conf.o
    0x080077ca   0x080077ca   0x00000002   PAD
    0x080077cc   0x080077cc   0x00000068   Code   RO         2364    .text.USBD_LL_Reset  usbd_core.o
    0x08007834   0x08007834   0x00000014   Code   RO         2370    .text.USBD_LL_Resume  usbd_core.o
    0x08007848   0x08007848   0x0000001c   Code   RO         2372    .text.USBD_LL_SOF   usbd_core.o
    0x08007864   0x08007864   0x00000008   Code   RO         2366    .text.USBD_LL_SetSpeed  usbd_core.o
    0x0800786c   0x0800786c   0x00000022   Code   RO         2314    .text.USBD_LL_SetUSBAddress  usbd_conf.o
    0x0800788e   0x0800788e   0x00000002   PAD
    0x08007890   0x08007890   0x00000062   Code   RO         2354    .text.USBD_LL_SetupStage  usbd_core.o
    0x080078f2   0x080078f2   0x00000002   PAD
    0x080078f4   0x080078f4   0x00000022   Code   RO         2308    .text.USBD_LL_StallEP  usbd_conf.o
    0x08007916   0x08007916   0x00000002   PAD
    0x08007918   0x08007918   0x00000022   Code   RO         2298    .text.USBD_LL_Start  usbd_conf.o
    0x0800793a   0x0800793a   0x00000002   PAD
    0x0800793c   0x0800793c   0x0000001c   Code   RO         2368    .text.USBD_LL_Suspend  usbd_core.o
    0x08007958   0x08007958   0x00000022   Code   RO         2316    .text.USBD_LL_Transmit  usbd_conf.o
    0x0800797a   0x0800797a   0x00000002   PAD
    0x0800797c   0x0800797c   0x00000016   Code   RO         2402    .text.USBD_ParseSetupRequest  usbd_ctlreq.o
    0x08007992   0x08007992   0x00000002   PAD
    0x08007994   0x08007994   0x00000042   Code   RO         2342    .text.USBD_RegisterClass  usbd_core.o
    0x080079d6   0x080079d6   0x00000002   PAD
    0x080079d8   0x080079d8   0x00000010   Code   RO         2350    .text.USBD_SetClassConfig  usbd_core.o
    0x080079e8   0x080079e8   0x00000004   Code   RO         2344    .text.USBD_Start    usbd_core.o
    0x080079ec   0x080079ec   0x00000374   Code   RO         2394    .text.USBD_StdDevReq  usbd_ctlreq.o
    0x08007d60   0x08007d60   0x0000017c   Code   RO         2400    .text.USBD_StdEPReq  usbd_ctlreq.o
    0x08007edc   0x08007edc   0x00000094   Code   RO         2398    .text.USBD_StdItfReq  usbd_ctlreq.o
    0x08007f70   0x08007f70   0x00000002   Code   RO         2324    .text.USBD_static_free  usbd_conf.o
    0x08007f72   0x08007f72   0x00000002   PAD
    0x08007f74   0x08007f74   0x0000000a   Code   RO         2322    .text.USBD_static_malloc  usbd_conf.o
    0x08007f7e   0x08007f7e   0x00000002   PAD
    0x08007f80   0x08007f80   0x0000008a   Code   RO          637    .text.USB_ActivateEndpoint  stm32f4xx_ll_usb.o
    0x0800800a   0x0800800a   0x00000002   PAD
    0x0800800c   0x0800800c   0x00000020   Code   RO          679    .text.USB_ActivateSetup  stm32f4xx_ll_usb.o
    0x0800802c   0x0800802c   0x00000276   Code   RO          615    .text.USB_CoreInit  stm32f4xx_ll_usb.o
    0x080082a2   0x080082a2   0x00000002   PAD
    0x080082a4   0x080082a4   0x00000084   Code   RO          641    .text.USB_DeactivateEndpoint  stm32f4xx_ll_usb.o
    0x08008328   0x08008328   0x0000001e   Code   RO          661    .text.USB_DevConnect  stm32f4xx_ll_usb.o
    0x08008346   0x08008346   0x00000002   PAD
    0x08008348   0x08008348   0x0000001e   Code   RO          663    .text.USB_DevDisconnect  stm32f4xx_ll_usb.o
    0x08008366   0x08008366   0x00000002   PAD
    0x08008368   0x08008368   0x000004ac   Code   RO          627    .text.USB_DevInit   stm32f4xx_ll_usb.o
    0x08008814   0x08008814   0x0000000e   Code   RO          621    .text.USB_DisableGlobalInt  stm32f4xx_ll_usb.o
    0x08008822   0x08008822   0x00000002   PAD
    0x08008824   0x08008824   0x0000005a   Code   RO          681    .text.USB_EP0_OutStart  stm32f4xx_ll_usb.o
    0x0800887e   0x0800887e   0x00000002   PAD
    0x08008880   0x08008880   0x0000004e   Code   RO          655    .text.USB_EPClearStall  stm32f4xx_ll_usb.o
    0x080088ce   0x080088ce   0x00000002   PAD
    0x080088d0   0x080088d0   0x0000003e   Code   RO          653    .text.USB_EPSetStall  stm32f4xx_ll_usb.o
    0x0800890e   0x0800890e   0x00000002   PAD
    0x08008910   0x08008910   0x00000246   Code   RO          645    .text.USB_EPStartXfer  stm32f4xx_ll_usb.o
    0x08008b56   0x08008b56   0x00000002   PAD
    0x08008b58   0x08008b58   0x0000010e   Code   RO          649    .text.USB_EPStopXfer  stm32f4xx_ll_usb.o
    0x08008c66   0x08008c66   0x00000002   PAD
    0x08008c68   0x08008c68   0x0000000e   Code   RO          619    .text.USB_EnableGlobalInt  stm32f4xx_ll_usb.o
    0x08008c76   0x08008c76   0x00000002   PAD
    0x08008c78   0x08008c78   0x000000be   Code   RO          631    .text.USB_FlushTxFifo  stm32f4xx_ll_usb.o
    0x08008d36   0x08008d36   0x00000002   PAD
    0x08008d38   0x08008d38   0x0000001a   Code   RO          635    .text.USB_GetDevSpeed  stm32f4xx_ll_usb.o
    0x08008d52   0x08008d52   0x00000002   PAD
    0x08008d54   0x08008d54   0x00000008   Code   RO          625    .text.USB_GetMode   stm32f4xx_ll_usb.o
    0x08008d5c   0x08008d5c   0x0000000e   Code   RO          671    .text.USB_ReadDevAllInEpInterrupt  stm32f4xx_ll_usb.o
    0x08008d6a   0x08008d6a   0x00000002   PAD
    0x08008d6c   0x08008d6c   0x0000000e   Code   RO          669    .text.USB_ReadDevAllOutEpInterrupt  stm32f4xx_ll_usb.o
    0x08008d7a   0x08008d7a   0x00000002   PAD
    0x08008d7c   0x08008d7c   0x00000024   Code   RO          675    .text.USB_ReadDevInEPInterrupt  stm32f4xx_ll_usb.o
    0x08008da0   0x08008da0   0x00000010   Code   RO          673    .text.USB_ReadDevOutEPInterrupt  stm32f4xx_ll_usb.o
    0x08008db0   0x08008db0   0x00000008   Code   RO          665    .text.USB_ReadInterrupts  stm32f4xx_ll_usb.o
    0x08008db8   0x08008db8   0x000000aa   Code   RO          651    .text.USB_ReadPacket  stm32f4xx_ll_usb.o
    0x08008e62   0x08008e62   0x00000002   PAD
    0x08008e64   0x08008e64   0x00000368   Code   RO          623    .text.USB_SetCurrentMode  stm32f4xx_ll_usb.o
    0x080091cc   0x080091cc   0x00000022   Code   RO          659    .text.USB_SetDevAddress  stm32f4xx_ll_usb.o
    0x080091ee   0x080091ee   0x00000002   PAD
    0x080091f0   0x080091f0   0x00000120   Code   RO          617    .text.USB_SetTurnaroundTime  stm32f4xx_ll_usb.o
    0x08009310   0x08009310   0x00000072   Code   RO          647    .text.USB_WritePacket  stm32f4xx_ll_usb.o
    0x08009382   0x08009382   0x00000002   PAD
    0x08009384   0x08009384   0x00000002   Code   RO          147    .text.UsageFault_Handler  stm32f4xx_it.o
    0x08009386   0x08009386   0x00000002   PAD
    0x08009388   0x08009388   0x0000029c   Code   RO         2024    .text.bmi088_accel_init  bmi088driver.o
    0x08009624   0x08009624   0x00000458   Code   RO         2022    .text.bmi088_accel_self_test  bmi088driver.o
    0x08009a7c   0x08009a7c   0x00000212   Code   RO         2028    .text.bmi088_gyro_init  bmi088driver.o
    0x08009c8e   0x08009c8e   0x00000002   PAD
    0x08009c90   0x08009c90   0x00000214   Code   RO         2026    .text.bmi088_gyro_self_test  bmi088driver.o
    0x08009ea4   0x08009ea4   0x00000062   Code   RO         2168    .text.can_filter_init  bsp_can.o
    0x08009f06   0x08009f06   0x00000002   PAD
    0x08009f08   0x08009f08   0x00000034   Code   RO         1923    .text.delay_init    bsp_delay.o
    0x08009f3c   0x08009f3c   0x00000052   Code   RO         1925    .text.delay_us      bsp_delay.o
    0x08009f8e   0x08009f8e   0x00000002   PAD
    0x08009f90   0x08009f90   0x00000160   Code   RO         1906    .text.imu_cmd_spi_dma  ins_task.o
    0x0800a0f0   0x0800a0f0   0x0000000e   Code   RO         1938    .text.imu_pwm_set   bsp_imu_pwm.o
    0x0800a0fe   0x0800a0fe   0x00000002   PAD
    0x0800a100   0x0800a100   0x00000002   Code   RO         2102    .text.ist8310_GPIO_init  ist8310driver_middleware.o
    0x0800a102   0x0800a102   0x00000002   PAD
    0x0800a104   0x0800a104   0x00000030   Code   RO         2106    .text.ist8310_IIC_read_single_reg  ist8310driver_middleware.o
    0x0800a134   0x0800a134   0x00000030   Code   RO         2108    .text.ist8310_IIC_write_single_reg  ist8310driver_middleware.o
    0x0800a164   0x0800a164   0x00000010   Code   RO         2118    .text.ist8310_RST_H  ist8310driver_middleware.o
    0x0800a174   0x0800a174   0x00000010   Code   RO         2120    .text.ist8310_RST_L  ist8310driver_middleware.o
    0x0800a184   0x0800a184   0x00000002   Code   RO         2104    .text.ist8310_com_init  ist8310driver_middleware.o
    0x0800a186   0x0800a186   0x00000002   PAD
    0x0800a188   0x0800a188   0x00000004   Code   RO         2114    .text.ist8310_delay_ms  ist8310driver_middleware.o
    0x0800a18c   0x0800a18c   0x000000dc   Code   RO         2088    .text.ist8310_init  ist8310driver.o
    0x0800a268   0x0800a268   0x0000003a   Code   RO           11    .text.main          main.o
    0x0800a2a2   0x0800a2a2   0x00000006   PAD
    0x0800a2a8   0x0800a2a8   0x0000037c   Code   RO         2176    .text.my_gimbal_task  my_gimbal_task.o
    0x0800a624   0x0800a624   0x0000003a   Code   RO         2197    .text.my_usb        usb_task.o
    0x0800a65e   0x0800a65e   0x00000002   PAD
    0x0800a660   0x0800a660   0x00000010   Code   RO         1738    .text.osDelay       cmsis_os.o
    0x0800a670   0x0800a670   0x0000000a   Code   RO         1720    .text.osKernelStart  cmsis_os.o
    0x0800a67a   0x0800a67a   0x00000002   PAD
    0x0800a67c   0x0800a67c   0x0000005c   Code   RO         1726    .text.osThreadCreate  cmsis_os.o
    0x0800a6d8   0x0800a6d8   0x00000026   Code   RO         1652    .text.pcTaskGetName  tasks.o
    0x0800a6fe   0x0800a6fe   0x00000002   PAD
    0x0800a700   0x0800a700   0x00000086   Code   RO         1616    .text.prvAddCurrentTaskToDelayedList  tasks.o
    0x0800a786   0x0800a786   0x00000002   PAD
    0x0800a788   0x0800a788   0x000000fc   Code   RO         1606    .text.prvAddNewTaskToReadyList  tasks.o
    0x0800a884   0x0800a884   0x00000086   Code   RO         1640    .text.prvIdleTask   tasks.o
    0x0800a90a   0x0800a90a   0x00000002   PAD
    0x0800a90c   0x0800a90c   0x0000012c   Code   RO         1604    .text.prvInitialiseNewTask  tasks.o
    0x0800aa38   0x0800aa38   0x00000028   Code   RO         1872    .text.prvPortStartFirstTask  port.o
    0x0800aa60   0x0800aa60   0x0000003e   Code   RO         1862    .text.prvTaskExitError  port.o
    0x0800aa9e   0x0800aa9e   0x00000002   PAD
    0x0800aaa0   0x0800aaa0   0x0000020a   Code   RO         1838    .text.pvPortMalloc  heap_4.o
    0x0800acaa   0x0800acaa   0x00000002   PAD
    0x0800acac   0x0800acac   0x00000028   Code   RO         1860    .text.pxPortInitialiseStack  port.o
    0x0800acd4   0x0800acd4   0x0000006a   Code   RO         1694    .text.ulTaskNotifyTake  tasks.o
    0x0800ad3e   0x0800ad3e   0x00000002   PAD
    0x0800ad40   0x0800ad40   0x00000016   Code   RO         2130    .text.usb_init      bsp_usb.o
    0x0800ad56   0x0800ad56   0x00000002   PAD
    0x0800ad58   0x0800ad58   0x00000024   Code   RO         1489    .text.uxListRemove  list.o
    0x0800ad7c   0x0800ad7c   0x0000001a   Code   RO           37    .text.vApplicationGetIdleTaskMemory  freertos.o
    0x0800ad96   0x0800ad96   0x00000002   PAD
    0x0800ad98   0x0800ad98   0x00000016   Code   RO         1481    .text.vListInitialise  list.o
    0x0800adae   0x0800adae   0x00000002   PAD
    0x0800adb0   0x0800adb0   0x00000006   Code   RO         1483    .text.vListInitialiseItem  list.o
    0x0800adb6   0x0800adb6   0x00000002   PAD
    0x0800adb8   0x0800adb8   0x00000062   Code   RO         1487    .text.vListInsert   list.o
    0x0800ae1a   0x0800ae1a   0x00000002   PAD
    0x0800ae1c   0x0800ae1c   0x0000001c   Code   RO         1485    .text.vListInsertEnd  list.o
    0x0800ae38   0x0800ae38   0x00000014   Code   RO         1870    .text.vPortEnableVFP  port.o
    0x0800ae4c   0x0800ae4c   0x00000046   Code   RO         1876    .text.vPortEnterCritical  port.o
    0x0800ae92   0x0800ae92   0x00000002   PAD
    0x0800ae94   0x0800ae94   0x0000002e   Code   RO         1878    .text.vPortExitCritical  port.o
    0x0800aec2   0x0800aec2   0x00000002   PAD
    0x0800aec4   0x0800aec4   0x000000d4   Code   RO         1840    .text.vPortFree     heap_4.o
    0x0800af98   0x0800af98   0x00000034   Code   RO         1868    .text.vPortSetupTimerInterrupt  port.o
    0x0800afcc   0x0800afcc   0x0000005e   Code   RO         1884    .text.vPortValidateInterruptPriority  port.o
    0x0800b02a   0x0800b02a   0x00000002   PAD
    0x0800b02c   0x0800b02c   0x000000a6   Code   RO         1620    .text.vTaskDelay    tasks.o
    0x0800b0d2   0x0800b0d2   0x00000002   PAD
    0x0800b0d4   0x0800b0d4   0x000000c6   Code   RO         1702    .text.vTaskNotifyGiveFromISR  tasks.o
    0x0800b19a   0x0800b19a   0x00000002   PAD
    0x0800b19c   0x0800b19c   0x000000cc   Code   RO         1638    .text.vTaskStartScheduler  tasks.o
    0x0800b268   0x0800b268   0x00000010   Code   RO         1614    .text.vTaskSuspendAll  tasks.o
    0x0800b278   0x0800b278   0x0000006e   Code   RO         1632    .text.vTaskSwitchContext  tasks.o
    0x0800b2e6   0x0800b2e6   0x00000002   PAD
    0x0800b2e8   0x0800b2e8   0x00000184   Code   RO         1866    .text.xPortStartScheduler  port.o
    0x0800b46c   0x0800b46c   0x00000060   Code   RO         1608    .text.xTaskCreate   tasks.o
    0x0800b4cc   0x0800b4cc   0x00000076   Code   RO         1602    .text.xTaskCreateStatic  tasks.o
    0x0800b542   0x0800b542   0x00000002   PAD
    0x0800b544   0x0800b544   0x00000a5a   Code   RO         1654    .text.xTaskGetHandle  tasks.o
    0x0800bf9e   0x0800bf9e   0x00000002   PAD
    0x0800bfa0   0x0800bfa0   0x0000001e   Code   RO         1682    .text.xTaskGetSchedulerState  tasks.o
    0x0800bfbe   0x0800bfbe   0x00000002   PAD
    0x0800bfc0   0x0800bfc0   0x00000106   Code   RO         1644    .text.xTaskIncrementTick  tasks.o
    0x0800c0c6   0x0800c0c6   0x00000002   PAD
    0x0800c0c8   0x0800c0c8   0x000000ea   Code   RO         1618    .text.xTaskResumeAll  tasks.o
    0x0800c1b2   0x0800c1b2   0x00000030   Code   RO         2642    i.__ARM_fpclassify  m_wm.l(fpclassify.o)
    0x0800c1e2   0x0800c1e2   0x00000026   Code   RO         2576    i.__ARM_fpclassifyf  m_wm.l(fpclassifyf.o)
    0x0800c208   0x0800c208   0x0000012c   Code   RO         2507    i.__hardfp_asinf    m_wm.l(asinf.o)
    0x0800c334   0x0800c334   0x000002ac   Code   RO         2513    i.__hardfp_atan2f   m_wm.l(atan2f.o)
    0x0800c5e0   0x0800c5e0   0x000000c8   Code   RO         2519    i.__hardfp_cos      m_wm.l(cos.o)
    0x0800c6a8   0x0800c6a8   0x000000c8   Code   RO         2525    i.__hardfp_sin      m_wm.l(sin.o)
    0x0800c770   0x0800c770   0x0000003a   Code   RO         2531    i.__hardfp_sqrtf    m_wm.l(sqrtf.o)
    0x0800c7aa   0x0800c7aa   0x00000006   PAD
    0x0800c7b0   0x0800c7b0   0x00000438   Code   RO         2592    i.__ieee754_rem_pio2  m_wm.l(rred.o)
    0x0800cbe8   0x0800cbe8   0x00000170   Code   RO         2559    i.__kernel_cos      m_wm.l(cos_i.o)
    0x0800cd58   0x0800cd58   0x000000f8   Code   RO         2644    i.__kernel_poly     m_wm.l(poly.o)
    0x0800ce50   0x0800ce50   0x00000130   Code   RO         2597    i.__kernel_sin      m_wm.l(sin_i.o)
    0x0800cf80   0x0800cf80   0x00000014   Code   RO         2563    i.__mathlib_dbl_infnan  m_wm.l(dunder.o)
    0x0800cf94   0x0800cf94   0x00000004   PAD
    0x0800cf98   0x0800cf98   0x00000020   Code   RO         2565    i.__mathlib_dbl_invalid  m_wm.l(dunder.o)
    0x0800cfb8   0x0800cfb8   0x00000020   Code   RO         2568    i.__mathlib_dbl_underflow  m_wm.l(dunder.o)
    0x0800cfd8   0x0800cfd8   0x00000006   Code   RO         2579    i.__mathlib_flt_infnan  m_wm.l(funder.o)
    0x0800cfde   0x0800cfde   0x00000006   Code   RO         2580    i.__mathlib_flt_infnan2  m_wm.l(funder.o)
    0x0800cfe4   0x0800cfe4   0x00000010   Code   RO         2581    i.__mathlib_flt_invalid  m_wm.l(funder.o)
    0x0800cff4   0x0800cff4   0x00000010   Code   RO         2584    i.__mathlib_flt_underflow  m_wm.l(funder.o)
    0x0800d004   0x0800d004   0x00000018   Code   RO         2638    i.fabs              m_wm.l(fabs.o)
    0x0800d01c   0x0800d01c   0x0000003e   Code   RO         2533    i.sqrtf             m_wm.l(sqrtf.o)
    0x0800d05a   0x0800d05a   0x00000018   Code   RO         2548    x$fpl$basic         fz_wm.l(basic.o)
    0x0800d072   0x0800d072   0x00000002   PAD
    0x0800d074   0x0800d074   0x00000062   Code   RO         2495    x$fpl$d2f           fz_wm.l(d2f.o)
    0x0800d0d6   0x0800d0d6   0x00000002   PAD
    0x0800d0d8   0x0800d0d8   0x00000150   Code   RO         2497    x$fpl$dadd          fz_wm.l(daddsub_clz.o)
    0x0800d228   0x0800d228   0x000002b4   Code   RO         2623    x$fpl$ddiv          fz_wm.l(ddiv.o)
    0x0800d4dc   0x0800d4dc   0x0000005e   Code   RO         2626    x$fpl$dfix          fz_wm.l(dfix.o)
    0x0800d53a   0x0800d53a   0x0000002e   Code   RO         2631    x$fpl$dflt          fz_wm.l(dflt_clz.o)
    0x0800d568   0x0800d568   0x00000026   Code   RO         2630    x$fpl$dfltu         fz_wm.l(dflt_clz.o)
    0x0800d58e   0x0800d58e   0x00000002   PAD
    0x0800d590   0x0800d590   0x00000154   Code   RO         2503    x$fpl$dmul          fz_wm.l(dmul.o)
    0x0800d6e4   0x0800d6e4   0x0000009c   Code   RO         2550    x$fpl$dnaninf       fz_wm.l(dnaninf.o)
    0x0800d780   0x0800d780   0x0000000c   Code   RO         2552    x$fpl$dretinf       fz_wm.l(dretinf.o)
    0x0800d78c   0x0800d78c   0x00000016   Code   RO         2498    x$fpl$drsb          fz_wm.l(daddsub_clz.o)
    0x0800d7a2   0x0800d7a2   0x00000002   PAD
    0x0800d7a4   0x0800d7a4   0x000001dc   Code   RO         2499    x$fpl$dsub          fz_wm.l(daddsub_clz.o)
    0x0800d980   0x0800d980   0x00000056   Code   RO         2505    x$fpl$f2d           fz_wm.l(f2d.o)
    0x0800d9d6   0x0800d9d6   0x0000008c   Code   RO         2554    x$fpl$fnaninf       fz_wm.l(fnaninf.o)
    0x0800da62   0x0800da62   0x0000001a   Code   RO         2735    x$fpl$fpinit        fz_wm.l(fpinit.o)
    0x0800da7c   0x0800da7c   0x0000000a   Code   RO         2556    x$fpl$fretinf       fz_wm.l(fretinf.o)
    0x0800da86   0x0800da86   0x00000000   Code   RO         2558    x$fpl$usenofp       fz_wm.l(usenofp.o)
    0x0800da86   0x0800da86   0x00000002   PAD
    0x0800da88   0x0800da88   0x00000030   Data   RO         2560    .constdata          m_wm.l(cos_i.o)
    0x0800dab8   0x0800dab8   0x000000cc   Data   RO         2594    .constdata          m_wm.l(rred.o)
    0x0800db84   0x0800db84   0x00000004   PAD
    0x0800db88   0x0800db88   0x00000028   Data   RO         2598    .constdata          m_wm.l(sin_i.o)
    0x0800dbb0   0x0800dbb0   0x0000001c   Data   RO           52    .rodata..L__const.MX_FREERTOS_Init.os_thread_def_My_usb  freertos.o
    0x0800dbcc   0x0800dbcc   0x0000001c   Data   RO           50    .rodata..L__const.MX_FREERTOS_Init.os_thread_def_gimbal_task  freertos.o
    0x0800dbe8   0x0800dbe8   0x0000001c   Data   RO           51    .rodata..L__const.MX_FREERTOS_Init.os_thread_def_my_ins_task  freertos.o
    0x0800dc04   0x0800dc04   0x00000010   Data   RO         1442    .rodata.AHBPrescTable  system_stm32f4xx.o
    0x0800dc14   0x0800dc14   0x00000008   Data   RO         1443    .rodata.APBPrescTable  system_stm32f4xx.o
    0x0800dc1c   0x0800dc1c   0x00000012   Data   RO         2052    .rodata.bmi088_accel_self_test.write_BMI088_ACCEL_self_test_Reg_Data_Error  bmi088driver.o
    0x0800dc2e   0x0800dc2e   0x00000008   Data   RO          891    .rodata.cst8        stm32f4xx_hal_dma.o
    0x0800dc36   0x0800dc36   0x00000002   PAD
    0x0800dc38   0x0800dc38   0x0000000c   Data   RO         1911    .rodata.imu_temp_PID  ins_task.o
    0x0800dc44   0x0800dc44   0x0000001f   Data   RO           49    .rodata.str1.1      freertos.o
    0x0800dc63   0x0800dc63   0x00000012   Data   RO         2050    .rodata.write_BMI088_accel_reg_data_error  bmi088driver.o
    0x0800dc75   0x0800dc75   0x00000012   Data   RO         2051    .rodata.write_BMI088_gyro_reg_data_error  bmi088driver.o
    0x0800dc87   0x0800dc87   0x00000001   PAD
    0x0800dc88   0x0800dc88   0x00000020   Data   RO         2796    Region$$Table       anon$$obj.o


    Execution Region RW_IRAM1 (Exec base: 0x20000000, Load base: 0x0800dca8, Size: 0x000077c0, Max: 0x0001c000, ABSOLUTE)

    Exec Addr    Load Addr    Size         Type   Attr      Idx    E Section Name        Object

    0x20000000   0x0800dca8   0x00000008   Data   RW         1069    .data..L_MergedGlobals  stm32f4xx_hal.o
    0x20000008   0x0800dcb0   0x00000016   Data   RW         1912    .data..L_MergedGlobals  ins_task.o
    0x2000001e   0x0800dcc6   0x00000002   PAD
    0x20000020   0x0800dcc8   0x00000008   Data   RW         2053    .data..L_MergedGlobals  bmi088driver.o
    0x20000028   0x0800dcd0   0x00000014   Data   RW         2187    .data..L_MergedGlobals  my_gimbal_task.o
    0x2000003c   0x0800dce4   0x0000001c   Data   RW         2230    .data.FS_Desc       usbd_desc.o
    0x20000058   0x0800dd00   0x00000004   Data   RW         1441    .data.SystemCoreClock  system_stm32f4xx.o
    0x2000005c   0x0800dd04   0x00000038   Data   RW         2467    .data.USBD_CDC      usbd_cdc.o
    0x20000094   0x0800dd3c   0x00000043   Data   RW         2469    .data.USBD_CDC_CfgDesc  usbd_cdc.o
    0x200000d7   0x0800dd7f   0x00000001   PAD
    0x200000d8   0x0800dd80   0x0000000a   Data   RW         2468    .data.USBD_CDC_DeviceQualifierDesc  usbd_cdc.o
    0x200000e2   0x0800dd8a   0x00000002   PAD
    0x200000e4   0x0800dd8c   0x00000012   Data   RW         2231    .data.USBD_FS_DeviceDesc  usbd_desc.o
    0x200000f6   0x0800dd9e   0x00000002   PAD
    0x200000f8   0x0800dda0   0x00000014   Data   RW         2255    .data.USBD_Interface_fops_FS  usbd_cdc_if.o
    0x2000010c   0x0800ddb4   0x00000004   Data   RW         2232    .data.USBD_LangIDDesc  usbd_desc.o
    0x20000110   0x0800ddb8   0x0000001a   Data   RW         2233    .data.USBD_StringSerial  usbd_desc.o
    0x2000012a   0x0800ddd2   0x00000002   PAD
    0x2000012c   0x0800ddd4   0x00000004   Data   RW         1964    .data.twoKp         mahonyahrs.o
    0x20000130   0x0800ddd8   0x00000004   Data   RW         1886    .data.uxCriticalNesting  port.o
    0x20000134   0x0800dddc   0x00000004   PAD
    0x20000138        -       0x00000060   Zero   RW         2647    .bss                c_w.l(libspace.o)
    0x20000198        -       0x0000000c   Zero   RW           53    .bss..L_MergedGlobals  freertos.o
    0x200001a4        -       0x00000078   Zero   RW         1709    .bss..L_MergedGlobals  tasks.o
    0x2000021c        -       0x00000020   Zero   RW         1851    .bss..L_MergedGlobals  heap_4.o
    0x2000023c        -       0x00000008   Zero   RW         1887    .bss..L_MergedGlobals  port.o
    0x20000244        -       0x00000008   Zero   RW         1929    .bss..L_MergedGlobals  bsp_delay.o
    0x2000024c        -       0x00000010   Zero   RW         1965    .bss..L_MergedGlobals  mahonyahrs.o
    0x2000025c   0x0800dddc   0x00000004   PAD
    0x20000260        -       0x00000040   Zero   RW         2159    .bss..L_MergedGlobals  can_receive.o
    0x200002a0        -       0x00000028   Zero   RW         1710    .bss..L_MergedGlobals.1  tasks.o
    0x200002c8        -       0x00000060   Zero   RW         1913    .bss..L_MergedGlobals.1  ins_task.o
    0x20000328        -       0x0000006c   Zero   RW         2188    .bss..L_MergedGlobals.1  my_gimbal_task.o
    0x20000394        -       0x0000006c   Zero   RW         1914    .bss..L_MergedGlobals.2  ins_task.o
    0x20000400        -       0x00000004   Zero   RW           72    .bss.HAL_RCC_CAN1_CLK_ENABLED  can.o
    0x20000404        -       0x00000001   Zero   RW         2406    .bss.USBD_SetConfig.cfgidx  usbd_ctlreq.o
    0x20000405   0x0800dddc   0x00000003   PAD
    0x20000408        -       0x00000200   Zero   RW         2234    .bss.USBD_StrDesc   usbd_desc.o
    0x20000608        -       0x00000220   Zero   RW         2329    .bss.USBD_static_malloc.mem  usbd_conf.o
    0x20000828        -       0x00000800   Zero   RW         2256    .bss.UserRxBufferFS  usbd_cdc_if.o
    0x20001028        -       0x00000800   Zero   RW         2257    .bss.UserTxBufferFS  usbd_cdc_if.o
    0x20001828        -       0x000002dc   Zero   RW         2209    .bss.hUsbDeviceFS   usb_device.o
    0x20001b04        -       0x00000028   Zero   RW           70    .bss.hcan1          can.o
    0x20001b2c        -       0x00000028   Zero   RW           71    .bss.hcan2          can.o
    0x20001b54        -       0x00000060   Zero   RW          112    .bss.hdma_spi1_rx   spi.o
    0x20001bb4        -       0x00000060   Zero   RW          113    .bss.hdma_spi1_tx   spi.o
    0x20001c14        -       0x00000054   Zero   RW           96    .bss.hi2c3          i2c.o
    0x20001c68        -       0x000004e4   Zero   RW         2328    .bss.hpcd_USB_OTG_FS  usbd_conf.o
    0x2000214c        -       0x00000058   Zero   RW          111    .bss.hspi1          spi.o
    0x200021a4        -       0x00000048   Zero   RW          130    .bss.htim10         tim.o
    0x200021ec        -       0x00000048   Zero   RW          193    .bss.htim2          stm32f4xx_hal_timebase_tim.o
    0x20002234        -       0x00000046   Zero   RW         2158    .bss.motor_chassis  can_receive.o
    0x2000227a   0x0800dddc   0x00000002   PAD
    0x2000227c        -       0x00000048   Zero   RW         2184    .bss.pmotor         my_gimbal_task.o
    0x200022c4        -       0x0000008c   Zero   RW         1708    .bss.pxReadyTasksLists  tasks.o
    0x20002350        -       0x00003c00   Zero   RW         1850    .bss.ucHeap         heap_4.o
    0x20005f50        -       0x00001004   Zero   RW         2134    .bss.usb_cdc_data   bsp_usb.o
    0x20006f54        -       0x00000004   Zero   RW         1068    .bss.uwTick         stm32f4xx_hal.o
    0x20006f58        -       0x00000014   Zero   RW         2199    .bss.vofa           usb_task.o
    0x20006f6c        -       0x00000200   Zero   RW           48    .bss.xIdleStack     freertos.o
    0x2000716c        -       0x00000054   Zero   RW           47    .bss.xIdleTaskTCBBuffer  freertos.o
    0x200071c0        -       0x00000200   Zero   RW            2    HEAP                startup_stm32f407xx.o
    0x200073c0        -       0x00000400   Zero   RW            1    STACK               startup_stm32f407xx.o


    Execution Region RW_IRAM2 (Exec base: 0x2001c000, Load base: 0x0800dde0, Size: 0x00000000, Max: 0x00004000, ABSOLUTE)

    **** No section assigned to this execution region ****


==============================================================================

Image component sizes


      Code (inc. data)   RO Data    RW Data    ZI Data      Debug   Object Name

      3556          4         54          8          0      11691   bmi088driver.o
       118          0          0          0          0       3338   bmi088middleware.o
        98          0          0          0          0       1383   bsp_can.o
       134          0          0          0          8       2005   bsp_delay.o
        14          0          0          0          0        521   bsp_imu_pwm.o
      3310          0          0          0          0       3398   bsp_spi.o
        22          0          0          0       4100       1189   bsp_usb.o
       414          0          0          0         84       6567   can.o
       192          0          0          0        134       5404   can_receive.o
       118          0          0          0          0      26356   cmsis_os.o
        72          0          0          0          0       3457   dma.o
       146          0        115          0        608       3577   freertos.o
       406          0          0          0          0       4166   gpio.o
       734          0          0          0      15392       5707   heap_4.o
       236          0          0          0         84       5271   i2c.o
      2466         24         12         22        204       8571   ins_task.o
       220         12          0          0          0       1957   ist8310driver.o
       136          0          0          0          0       4172   ist8310driver_middleware.o
       190          0          0          0          0       2321   list.o
      1676         16          0          4         16       6235   mahonyahrs.o
       246          0          0          0          0       6366   main.o
       892         56          0         20        180       3835   my_gimbal_task.o
       398          4          0          0          0       2075   pid.o
       994         16          0          4          8       4095   port.o
       378          0          0          0        280       5289   spi.o
        64         26        392          0       1536        824   startup_stm32f407xx.o
       132          0          0          8          4       7287   stm32f4xx_hal.o
      1704          6          0          0          0      13744   stm32f4xx_hal_can.o
       150          0          0          0          0      10778   stm32f4xx_hal_cortex.o
       802          6          8          0          0      10574   stm32f4xx_hal_dma.o
       474          0          0          0          0       5278   stm32f4xx_hal_gpio.o
      3016          0          0          0          0      42283   stm32f4xx_hal_i2c.o
        66          0          0          0          0       3521   stm32f4xx_hal_msp.o
      3612          0          0          0          0      17277   stm32f4xx_hal_pcd.o
       244          0          0          0          0       4649   stm32f4xx_hal_pcd_ex.o
      1458          0          0          0          0       7370   stm32f4xx_hal_rcc.o
      1318          0          0          0          0      24780   stm32f4xx_hal_spi.o
      1562          4          0          0          0      55150   stm32f4xx_hal_tim.o
         4          0          0          0          0      21181   stm32f4xx_hal_tim_ex.o
       184          0          0          0         72       7254   stm32f4xx_hal_timebase_tim.o
       100          0          0          0          0       8885   stm32f4xx_it.o
      5088          0          0          0          0      36071   stm32f4xx_ll_usb.o
        18          0         24          4          0       2563   system_stm32f4xx.o
      5048          8          0          0        300      39021   tasks.o
       242          0          0          0         72       6079   tim.o
       114          0          0          0        732       3197   usb_device.o
        58          0          0          0         20        673   usb_task.o
      1256         12          0        133          0      11615   usbd_cdc.o
       160          0          0         20       4096       5086   usbd_cdc_if.o
       762          0          0          0       1796      18304   usbd_conf.o
       934          0          0          0          0      10642   usbd_core.o
      1706         34          0          0          1      10368   usbd_ctlreq.o
       544         56          0         76        512       4096   usbd_desc.o
       134          0          0          0          0       4716   usbd_ioreq.o

    ----------------------------------------------------------------------
     48486        284        640        308      30252     522212   Object Totals
         0          0         32          0          0          0   (incl. Generated)
       366          0          3          9         13          0   (incl. Padding)

    ----------------------------------------------------------------------

      Code (inc. data)   RO Data    RW Data    ZI Data      Debug   Library Member Name

         8          0          0          0          0         68   __main.o
         0          0          0          0          0          0   __rtentry.o
        12          0          0          0          0          0   __rtentry2.o
         6          0          0          0          0          0   __rtentry4.o
        52          8          0          0          0          0   __scatter.o
        26          0          0          0          0          0   __scatter_copy.o
        28          0          0          0          0          0   __scatter_zi.o
        22          0          0          0          0        100   _rserrno.o
        16          0          0          0          0         68   aeabi_memset4.o
        18          0          0          0          0         80   exit.o
         6          0          0          0          0        152   heapauxi.o
         0          0          0          0          0          0   indicate_semi.o
         2          0          0          0          0          0   libinit.o
         6          0          0          0          0          0   libinit2.o
         2          0          0          0          0          0   libshutdown.o
         2          0          0          0          0          0   libshutdown2.o
         8          4          0          0         96         68   libspace.o
       240          0          0          0          0        100   lludivv7m.o
         8          4          0          0          0         68   rt_errno_addr_intlibspace.o
        78          0          0          0          0         80   rt_memclr_w.o
         2          0          0          0          0          0   rtexit.o
        10          0          0          0          0          0   rtexit2.o
        62          0          0          0          0         76   strlen.o
        12          4          0          0          0         68   sys_exit.o
        74          0          0          0          0         80   sys_stackheap_outer.o
         2          0          0          0          0         68   use_no_semi.o
        24          0          0          0          0        164   basic.o
        98          4          0          0          0        140   d2f.o
       834         16          0          0          0        516   daddsub_clz.o
       692        140          0          0          0        264   ddiv.o
        94          4          0          0          0        140   dfix.o
        84          0          0          0          0        232   dflt_clz.o
       340         12          0          0          0        152   dmul.o
       156          4          0          0          0        140   dnaninf.o
        12          0          0          0          0        116   dretinf.o
        86          4          0          0          0        132   f2d.o
       140          4          0          0          0        132   fnaninf.o
        26          0          0          0          0        116   fpinit.o
        10          0          0          0          0        116   fretinf.o
         0          0          0          0          0          0   usenofp.o
       300         42          0          0          0        176   asinf.o
       684         90          0          0          0        208   atan2f.o
       200         20          0          0          0        164   cos.o
       368         46         48          0          0        200   cos_i.o
        84         16          0          0          0        372   dunder.o
        24          0          0          0          0        124   fabs.o
        48          0          0          0          0        124   fpclassify.o
        38          0          0          0          0        116   fpclassifyf.o
        44         12          0          0          0        464   funder.o
       248          0          0          0          0        152   poly.o
      1080        142        204          0          0        188   rred.o
       200         20          0          0          0        164   sin.o
       304         24         40          0          0        208   sin_i.o
       120          0          0          0          0        272   sqrtf.o

    ----------------------------------------------------------------------
      7066        620        296          0         96       6368   Library Totals
        26          0          4          0          0          0   (incl. Padding)

    ----------------------------------------------------------------------

      Code (inc. data)   RO Data    RW Data    ZI Data      Debug   Library Name

       702         20          0          0         96       1076   c_w.l
      2596        188          0          0          0       2360   fz_wm.l
      3742        412        292          0          0       2932   m_wm.l

    ----------------------------------------------------------------------
      7066        620        296          0         96       6368   Library Totals

    ----------------------------------------------------------------------

==============================================================================


      Code (inc. data)   RO Data    RW Data    ZI Data      Debug   

     55552        904        936        308      30348     523672   Grand Totals
     55552        904        936        308      30348     523672   ELF Image Totals
     55552        904        936        308          0          0   ROM Totals

==============================================================================

    Total RO  Size (Code + RO Data)                56488 (  55.16kB)
    Total RW  Size (RW Data + ZI Data)             30656 (  29.94kB)
    Total ROM Size (Code + RO Data + RW Data)      56796 (  55.46kB)

==============================================================================

